[2026-08-23 01:42:19] [INFO] ==================================================
[2026-08-23 01:42:19] [INFO] Discuz!论坛自动发帖脚本启动
[2026-08-23 01:42:19] [INFO] 配置了 1 个论坛: 3dm
[2026-08-23 01:42:19] [INFO] 从数据库获取电脑游戏列表...
[2026-08-23 01:43:45] [INFO] ==================================================
[2026-08-23 01:43:45] [INFO] Discuz!论坛自动发帖脚本启动
[2026-08-23 01:43:45] [INFO] 配置了 1 个论坛: 3dm
[2026-08-23 01:43:45] [INFO] 从源站获取帖子列表...
[2026-08-23 01:43:46] [INFO] 从源站获取 24 条帖子
[2026-08-23 01:43:46] [INFO] 获取到 24 个帖子
[2026-08-23 01:43:46] [INFO] 
==================================================
[2026-08-23 01:43:46] [INFO] 开始处理论坛: 3DM论坛 (3dm)
[2026-08-23 01:43:46] [INFO] [3dm] 登录正常, formhash=2839931d, uid=35826384
[2026-08-23 01:43:46] [INFO] 
--- [3DM论坛] 处理: [17779]  ---
[2026-08-23 01:43:46] [INFO]   标题: 废土幸存者：爆心英雄/Ground Zero Hero    Build.24830728   免安装中文版
[2026-08-23 01:43:46] [INFO]   上传截图 1/3...
[2026-08-23 01:43:47] [INFO]   网络图片可用: http://img.lysq.cc.cd/uploads/icons/screenshot_20260823_0034...
[2026-08-23 01:43:49] [INFO]   上传截图 2/3...
[2026-08-23 01:43:49] [INFO]   网络图片可用: http://img.lysq.cc.cd/uploads/icons/screenshot_20260823_0034...
[2026-08-23 01:43:51] [INFO]   上传截图 3/3...
[2026-08-23 01:43:51] [INFO]   网络图片可用: http://img.lysq.cc.cd/uploads/icons/screenshot_20260823_0034...
[2026-08-23 01:43:53] [INFO]   成功上传 3/3 张截图
[2026-08-23 01:43:53] [INFO]   正在发布到3DM论坛...
[2026-08-23 01:43:53] [INFO]   结果: 发帖被拒: 新主题需要审核，您的帖子通过审核后才能显示正在设置主题封面, &nbsp;
[2026-08-23 01:47:01] [INFO] ==================================================
[2026-08-23 01:47:01] [INFO] Discuz!论坛自动发帖脚本启动
[2026-08-23 01:47:01] [INFO] 配置了 1 个论坛: 3dm
[2026-08-23 01:47:01] [INFO] 从源站获取帖子列表...
[2026-08-23 01:47:02] [INFO] 从源站获取 24 条帖子
[2026-08-23 01:47:02] [INFO] 获取到 24 个帖子
[2026-08-23 01:47:02] [INFO] 
==================================================
[2026-08-23 01:47:02] [INFO] 开始处理论坛: 3DM论坛 (3dm)
[2026-08-23 01:47:02] [INFO] [3dm] 登录正常, formhash=2839931d, uid=35826384
[2026-08-23 01:47:02] [INFO] 
--- [3DM论坛] 处理: [17779]  ---
[2026-08-23 01:47:03] [INFO]   标题: 废土幸存者：爆心英雄/Ground Zero Hero    Build.24830728   免安装中文版
[2026-08-23 01:47:03] [INFO]   上传截图 1/3...
[2026-08-23 01:47:03] [INFO]   网络图片可用: http://img.lysq.cc.cd/uploads/icons/screenshot_20260823_0034...
[2026-08-23 01:47:04] [INFO]   上传截图 2/3...
[2026-08-23 01:47:04] [INFO]   网络图片可用: http://img.lysq.cc.cd/uploads/icons/screenshot_20260823_0034...
[2026-08-23 01:47:06] [INFO]   上传截图 3/3...
[2026-08-23 01:47:06] [INFO]   网络图片可用: http://img.lysq.cc.cd/uploads/icons/screenshot_20260823_0034...
[2026-08-23 01:47:08] [INFO]   成功上传 3/3 张截图
[2026-08-23 01:47:08] [INFO]   正在发布到3DM论坛...
[2026-08-23 01:47:08] [INFO]   结果: 发帖被拒: 抱歉，您所在的用户组每小时限制发主题 3 个，请稍候再发表 | 抱歉，您所在的用户组每小时限制发主题 3 个，请稍候再发表
[2026-08-23 01:48:08] [INFO] 
--- [3DM论坛] 处理: [17778]  ---
[2026-08-23 01:48:08] [INFO]   标题: 光环：战役进化 /Halo: Campaign Evolved   v20260818   送修改器   免安装中文版
[2026-08-23 01:48:08] [INFO]   上传截图 1/3...
[2026-08-23 01:48:08] [INFO]   网络图片可用: http://img.lysq.cc.cd/uploads/icons/screenshot_20260823_0034...
[2026-08-23 01:48:10] [INFO]   上传截图 2/3...
[2026-08-23 01:48:10] [INFO]   网络图片可用: http://img.lysq.cc.cd/uploads/icons/screenshot_20260823_0034...
[2026-08-23 01:48:12] [INFO]   上传截图 3/3...
[2026-08-23 01:48:13] [INFO]   网络图片可用: http://img.lysq.cc.cd/uploads/icons/screenshot_20260823_0034...
[2026-08-23 01:48:14] [INFO]   成功上传 3/3 张截图
[2026-08-23 01:48:14] [INFO]   正在发布到3DM论坛...
[2026-08-23 01:48:15] [INFO]   结果: 发帖被拒: 抱歉，您所在的用户组每小时限制发主题 3 个，请稍候再发表 | 抱歉，您所在的用户组每小时限制发主题 3 个，请稍候再发表
[2026-08-23 01:48:55] [INFO] 
--- [3DM论坛] 处理: [17777]  ---
[2026-08-23 01:48:55] [INFO]   标题: 野兽链接 /BeastLink   v20260818   免安装英文版
[2026-08-23 01:48:55] [INFO]   上传截图 1/3...
[2026-08-23 01:48:55] [INFO]   网络图片可用: http://img.lysq.cc.cd/uploads/icons/screenshot_20260823_0032...
[2026-08-23 01:48:58] [INFO]   上传截图 2/3...
[2026-08-23 01:48:58] [INFO]   网络图片可用: http://img.lysq.cc.cd/uploads/icons/screenshot_20260823_0032...
[2026-08-23 01:49:00] [INFO]   上传截图 3/3...
[2026-08-23 01:49:00] [INFO]   网络图片可用: http://img.lysq.cc.cd/uploads/icons/screenshot_20260823_0033...
[2026-08-23 02:06:19] [INFO] ==================================================
[2026-08-23 02:06:19] [INFO] Discuz!论坛自动发帖脚本启动
[2026-08-23 02:06:19] [INFO] 配置了 1 个论坛: 3dm
[2026-08-23 02:06:19] [INFO] 从源站获取帖子列表...
[2026-08-23 02:06:19] [INFO] 从源站获取 24 条帖子
[2026-08-23 02:06:19] [INFO] 获取到 24 个帖子
[2026-08-23 02:06:19] [INFO] 
==================================================
[2026-08-23 02:06:19] [INFO] 开始处理论坛: 3DM论坛 (3dm)
[2026-08-23 02:06:19] [INFO] [3dm] 登录正常, formhash=2839931d, uid=35826384
[2026-08-23 02:06:19] [INFO] 
--- [3DM论坛] 处理: [17779]  ---
[2026-08-23 02:06:20] [INFO]   标题: 废土幸存者：爆心英雄/Ground Zero Hero    Build.24830728   免安装中文版
[2026-08-23 02:06:20] [INFO]   上传截图 1/3...
[2026-08-23 02:06:22] [INFO]   图片下载成功: 1114113 bytes
[2026-08-23 02:06:22] [INFO]   上传响应: 6487516
[2026-08-23 02:06:22] [INFO]   附件上传成功! aid=6487516
[2026-08-23 02:06:25] [INFO]   上传截图 2/3...
[2026-08-23 02:06:26] [INFO]   图片下载成功: 1190863 bytes
[2026-08-23 02:06:26] [INFO]   上传响应: 6487517
[2026-08-23 02:06:26] [INFO]   附件上传成功! aid=6487517
[2026-08-23 02:06:28] [INFO]   上传截图 3/3...
[2026-08-23 02:06:29] [INFO]   图片下载成功: 1146896 bytes
[2026-08-23 02:06:29] [INFO]   上传响应: 6487518
[2026-08-23 02:06:29] [INFO]   附件上传成功! aid=6487518
[2026-08-23 02:06:30] [INFO]   成功上传 3/3 张截图
[2026-08-23 02:06:30] [INFO]   正在发布到3DM论坛...
[2026-08-23 02:06:31] [INFO]   结果: 发帖被拒: 抱歉，您所在的用户组每小时限制发主题 3 个，请稍候再发表 | 抱歉，您所在的用户组每小时限制发主题 3 个，请稍候再发表
[2026-08-23 02:07:13] [INFO] 
--- [3DM论坛] 处理: [17778]  ---
[2026-08-23 02:07:14] [INFO]   标题: 光环：战役进化 /Halo: Campaign Evolved   v20260818   送修改器   免安装中文版
[2026-08-23 02:07:14] [INFO]   上传截图 1/3...
[2026-08-23 02:07:15] [INFO]   图片下载成功: 2972435 bytes
[2026-08-23 02:07:16] [INFO]   上传响应: 6487519
[2026-08-23 02:07:16] [INFO]   附件上传成功! aid=6487519
[2026-08-23 02:07:17] [INFO]   上传截图 2/3...
[2026-08-23 02:07:21] [INFO]   图片下载成功: 2472580 bytes
[2026-08-23 02:07:21] [INFO]   上传响应: 6487520
[2026-08-23 02:07:21] [INFO]   附件上传成功! aid=6487520
[2026-08-23 02:07:24] [INFO]   上传截图 3/3...
[2026-08-23 02:07:48] [INFO]   图片下载成功: 3583380 bytes
[2026-08-23 02:07:49] [INFO]   上传响应: 6487521
[2026-08-23 02:07:49] [INFO]   附件上传成功! aid=6487521
[2026-08-23 02:07:51] [INFO]   成功上传 3/3 张截图
[2026-08-23 02:07:51] [INFO]   正在发布到3DM论坛...
[2026-08-23 02:07:51] [INFO]   结果: 发帖被拒: 抱歉，您所在的用户组每小时限制发主题 3 个，请稍候再发表 | 抱歉，您所在的用户组每小时限制发主题 3 个，请稍候再发表
[2026-08-23 03:30:31] [INFO] ==================================================
[2026-08-23 03:30:31] [INFO] Discuz!论坛自动发帖脚本启动
[2026-08-23 03:30:31] [INFO] 配置了 1 个论坛: 3dm
[2026-08-23 03:30:31] [INFO] 从源站获取帖子列表...
[2026-08-23 03:30:32] [INFO] 从源站获取 24 条帖子
[2026-08-23 03:30:32] [INFO] 获取到 24 个帖子
[2026-08-23 03:30:32] [INFO] 
==================================================
[2026-08-23 03:30:32] [INFO] 开始处理论坛: 3DM论坛 (3dm)
[2026-08-23 03:30:32] [INFO] [3dm] 登录正常, formhash=2839931d, uid=35826384
[2026-08-23 03:30:32] [INFO] 
--- [3DM论坛] 处理: [17779]  ---
[2026-08-23 03:30:32] [INFO]   标题: 废土幸存者：爆心英雄/Ground Zero Hero    Build.24830728   免安装中文版
[2026-08-23 03:30:32] [INFO]   上传截图 1/3...
[2026-08-23 03:30:33] [INFO]   图片下载成功: 1114113 bytes
[2026-08-23 03:30:34] [INFO]   上传响应: 6487529
[2026-08-23 03:30:34] [INFO]   附件上传成功! aid=6487529
[2026-08-23 03:30:36] [INFO]   上传截图 2/3...
[2026-08-23 03:30:37] [INFO]   图片下载成功: 1190863 bytes
[2026-08-23 03:30:37] [INFO]   上传响应: 6487530
[2026-08-23 03:30:37] [INFO]   附件上传成功! aid=6487530
[2026-08-23 03:30:39] [INFO]   上传截图 3/3...
[2026-08-23 03:30:40] [INFO]   图片下载成功: 1146896 bytes
[2026-08-23 03:30:40] [INFO]   上传响应: 6487531
[2026-08-23 03:30:40] [INFO]   附件上传成功! aid=6487531
[2026-08-23 03:30:42] [INFO]   成功上传 3/3 张截图
[2026-08-23 03:30:42] [INFO]   正在发布到3DM论坛...
[2026-08-23 03:30:42] [INFO]   结果: 发帖被拒: 新主题需要审核，您的帖子通过审核后才能显示正在设置主题封面, &nbsp;
[2026-08-23 03:31:35] [INFO] 
--- [3DM论坛] 处理: [17778]  ---
[2026-08-23 03:31:35] [INFO]   标题: 光环：战役进化 /Halo: Campaign Evolved   v20260818   送修改器   免安装中文版
[2026-08-23 03:31:35] [INFO]   上传截图 1/3...
[2026-08-23 03:31:37] [INFO]   图片下载成功: 2972435 bytes
[2026-08-23 03:31:37] [INFO]   上传响应: 6487532
[2026-08-23 03:31:37] [INFO]   附件上传成功! aid=6487532
[2026-08-23 03:31:40] [INFO]   上传截图 2/3...
[2026-08-23 03:31:41] [INFO]   图片下载成功: 2472580 bytes
[2026-08-23 03:31:41] [INFO]   上传响应: 6487533
[2026-08-23 03:31:41] [INFO]   附件上传成功! aid=6487533
[2026-08-23 03:31:43] [INFO]   上传截图 3/3...
[2026-08-23 03:31:45] [INFO]   图片下载成功: 3583380 bytes
[2026-08-23 03:31:45] [INFO]   上传响应: 6487534
[2026-08-23 03:31:45] [INFO]   附件上传成功! aid=6487534
[2026-08-23 03:31:48] [INFO]   成功上传 3/3 张截图
[2026-08-23 03:31:48] [INFO]   正在发布到3DM论坛...
[2026-08-23 03:31:48] [INFO]   结果: 发帖被拒: 新主题需要审核，您的帖子通过审核后才能显示正在设置主题封面, &nbsp;
[2026-08-23 03:32:41] [INFO] ==================================================
[2026-08-23 03:32:41] [INFO] Discuz!论坛自动发帖脚本启动
[2026-08-23 03:32:41] [INFO] 配置了 1 个论坛: 3dm
[2026-08-23 03:32:41] [INFO] 从源站获取帖子列表...
[2026-08-23 03:32:42] [INFO] 从源站获取 24 条帖子
[2026-08-23 03:32:42] [INFO] 获取到 24 个帖子
[2026-08-23 03:32:42] [INFO] 
==================================================
[2026-08-23 03:32:42] [INFO] 开始处理论坛: 3DM论坛 (3dm)
[2026-08-23 03:32:42] [INFO] [3dm] 登录正常, formhash=2839931d, uid=35826384
[2026-08-23 03:32:42] [INFO] 
--- [3DM论坛] 处理: [17779]  ---
[2026-08-23 03:32:42] [INFO]   标题: 废土幸存者：爆心英雄/Ground Zero Hero    Build.24830728   免安装中文版
[2026-08-23 03:32:42] [INFO]   上传截图 1/3...
[2026-08-23 03:32:43] [INFO]   图片下载成功: 1114113 bytes
[2026-08-23 03:32:44] [INFO]   上传响应: 6487535
[2026-08-23 03:32:44] [INFO]   附件上传成功! aid=6487535
[2026-08-23 03:32:46] [INFO]   上传截图 2/3...
[2026-08-23 03:32:47] [INFO]   图片下载成功: 1190863 bytes
[2026-08-23 03:32:48] [INFO]   上传响应: 6487536
[2026-08-23 03:32:48] [INFO]   附件上传成功! aid=6487536
[2026-08-23 03:32:49] [INFO]   上传截图 3/3...
[2026-08-23 03:32:50] [INFO]   图片下载成功: 1146896 bytes
[2026-08-23 03:32:50] [INFO]   上传响应: 6487537
[2026-08-23 03:32:50] [INFO]   附件上传成功! aid=6487537
[2026-08-23 03:32:51] [INFO]   成功上传 3/3 张截图
[2026-08-23 03:32:51] [INFO]   正在发布到3DM论坛...
[2026-08-23 03:32:52] [INFO]   结果: 发帖被拒: 新主题需要审核，您的帖子通过审核后才能显示正在设置主题封面, &nbsp;
[2026-08-23 03:33:23] [INFO] 
--- [3DM论坛] 处理: [17778]  ---
[2026-08-23 03:33:23] [INFO]   标题: 光环：战役进化 /Halo: Campaign Evolved   v20260818   送修改器   免安装中文版
[2026-08-23 03:33:23] [INFO]   上传截图 1/3...
[2026-08-23 03:33:24] [INFO]   图片下载成功: 2972435 bytes
[2026-08-23 03:33:25] [INFO]   上传响应: 6487538
[2026-08-23 03:33:25] [INFO]   附件上传成功! aid=6487538
[2026-08-23 03:33:26] [INFO]   上传截图 2/3...
[2026-08-23 03:33:27] [INFO]   图片下载成功: 2472580 bytes
[2026-08-23 03:33:28] [INFO]   上传响应: 6487539
[2026-08-23 03:33:28] [INFO]   附件上传成功! aid=6487539
[2026-08-23 03:33:29] [INFO]   上传截图 3/3...
[2026-08-23 03:33:30] [INFO]   图片下载成功: 3583380 bytes
[2026-08-23 03:33:30] [INFO]   上传响应: 6487540
[2026-08-23 03:33:30] [INFO]   附件上传成功! aid=6487540
[2026-08-23 03:33:32] [INFO]   成功上传 3/3 张截图
[2026-08-23 03:33:32] [INFO]   正在发布到3DM论坛...
[2026-08-23 03:33:32] [INFO]   结果: 发帖被拒: 抱歉，您所在的用户组每小时限制发主题 3 个，请稍候再发表 | 抱歉，您所在的用户组每小时限制发主题 3 个，请稍候再发表
[2026-08-23 03:34:31] [INFO] 
--- [3DM论坛] 处理: [17777]  ---
[2026-08-23 03:34:32] [INFO]   标题: 野兽链接 /BeastLink   v20260818   免安装英文版
[2026-08-23 03:34:32] [INFO]   上传截图 1/3...
[2026-08-23 03:34:32] [INFO]   图片下载成功: 294682 bytes
[2026-08-23 03:34:33] [INFO]   上传响应: 6487541
[2026-08-23 03:34:33] [INFO]   附件上传成功! aid=6487541
[2026-08-23 03:34:35] [INFO]   上传截图 2/3...
[2026-08-23 03:34:36] [INFO]   图片下载成功: 513340 bytes
[2026-08-23 03:34:36] [INFO]   上传响应: 6487542
[2026-08-23 03:34:36] [INFO]   附件上传成功! aid=6487542
[2026-08-23 03:34:37] [INFO]   上传截图 3/3...
[2026-08-23 03:34:38] [INFO]   图片下载成功: 391643 bytes
[2026-08-23 03:34:38] [INFO]   上传响应: 6487543
[2026-08-23 03:34:38] [INFO]   附件上传成功! aid=6487543
[2026-08-23 03:34:40] [INFO]   成功上传 3/3 张截图
[2026-08-23 03:34:40] [INFO]   正在发布到3DM论坛...
[2026-08-23 03:34:41] [INFO]   结果: 发帖被拒: 抱歉，您所在的用户组每小时限制发主题 3 个，请稍候再发表 | 抱歉，您所在的用户组每小时限制发主题 3 个，请稍候再发表
[2026-08-23 03:35:32] [INFO] 
--- [3DM论坛] 处理: [17775]  ---
[2026-08-23 03:35:32] [INFO]   标题: 改时间水印相机自定义时间地点解锁会员
[2026-08-23 03:35:32] [INFO]   上传截图 1/3...
[2026-08-23 03:35:33] [INFO]   图片下载成功: 566324 bytes
[2026-08-23 03:35:33] [INFO]   上传响应: 6487544
[2026-08-23 03:35:33] [INFO]   附件上传成功! aid=6487544
[2026-08-23 03:35:35] [INFO]   上传截图 2/3...
[2026-08-23 03:35:35] [INFO]   图片下载成功: 263581 bytes
[2026-08-23 03:35:36] [INFO]   上传响应: 6487545
[2026-08-23 03:35:36] [INFO]   附件上传成功! aid=6487545
[2026-08-23 03:35:37] [INFO]   上传截图 3/3...
[2026-08-23 03:35:38] [INFO]   图片下载成功: 227074 bytes
[2026-08-23 03:35:38] [INFO]   上传响应: 6487546
[2026-08-23 03:35:38] [INFO]   附件上传成功! aid=6487546
[2026-08-23 03:35:40] [INFO]   成功上传 3/3 张截图
[2026-08-23 03:35:40] [INFO]   正在发布到3DM论坛...
[2026-08-23 03:35:41] [INFO]   结果: 发帖被拒: 抱歉，您所在的用户组每小时限制发主题 3 个，请稍候再发表 | 抱歉，您所在的用户组每小时限制发主题 3 个，请稍候再发表
[2026-08-23 03:36:16] [INFO] 
--- [3DM论坛] 处理: [17774]  ---
[2026-08-23 03:36:17] [INFO]   标题: WiFi加速器增强WiFi信号优化网络工具
[2026-08-23 03:36:17] [INFO]   上传截图 1/3...
[2026-08-23 03:36:17] [INFO]   图片下载成功: 228438 bytes
[2026-08-23 03:36:17] [INFO]   上传响应: 6487547
[2026-08-23 03:36:17] [INFO]   附件上传成功! aid=6487547
[2026-08-23 03:36:20] [INFO]   上传截图 2/3...
[2026-08-23 03:36:21] [INFO]   图片下载成功: 399641 bytes
[2026-08-23 03:36:21] [INFO]   上传响应: 6487548
[2026-08-23 03:36:21] [INFO]   附件上传成功! aid=6487548
[2026-08-23 03:36:23] [INFO]   上传截图 3/3...
[2026-08-23 03:36:23] [INFO]   图片下载成功: 203469 bytes
[2026-08-23 03:36:24] [INFO]   上传响应: 6487549
[2026-08-23 03:36:24] [INFO]   附件上传成功! aid=6487549
[2026-08-23 03:36:26] [INFO]   成功上传 3/3 张截图
[2026-08-23 03:36:26] [INFO]   正在发布到3DM论坛...
[2026-08-23 03:36:27] [INFO]   结果: 发帖被拒: 抱歉，您所在的用户组每小时限制发主题 3 个，请稍候再发表 | 抱歉，您所在的用户组每小时限制发主题 3 个，请稍候再发表
[2026-08-23 03:37:17] [INFO] 
--- [3DM论坛] 处理: [17773]  ---
[2026-08-23 03:37:18] [INFO]   标题: 小云天气5.6.9吊打一切天气软件｜干净整洁无广
[2026-08-23 03:37:18] [INFO]   上传截图 1/3...
[2026-08-23 03:37:18] [INFO]   图片下载成功: 150454 bytes
[2026-08-23 03:37:18] [INFO]   上传响应: 6487550
[2026-08-23 03:37:18] [INFO]   附件上传成功! aid=6487550
[2026-08-23 03:37:20] [INFO]   上传截图 2/3...
[2026-08-23 03:37:20] [INFO]   图片下载成功: 170674 bytes
[2026-08-23 03:37:20] [INFO]   上传响应: 6487551
[2026-08-23 03:37:21] [INFO]   附件上传成功! aid=6487551
[2026-08-23 03:37:23] [INFO]   上传截图 3/3...
[2026-08-23 03:37:24] [INFO]   图片下载成功: 169018 bytes
[2026-08-23 03:37:24] [INFO]   上传响应: 6487552
[2026-08-23 03:37:24] [INFO]   附件上传成功! aid=6487552
[2026-08-23 03:37:27] [INFO]   成功上传 3/3 张截图
[2026-08-23 03:37:27] [INFO]   正在发布到3DM论坛...
[2026-08-23 03:37:27] [INFO]   结果: 发帖被拒: 抱歉，您所在的用户组每小时限制发主题 3 个，请稍候再发表 | 抱歉，您所在的用户组每小时限制发主题 3 个，请稍候再发表
[2026-08-23 03:37:50] [INFO] ==================================================
[2026-08-23 03:37:50] [INFO] Discuz!论坛自动发帖脚本启动
[2026-08-23 03:37:50] [INFO] 配置了 1 个论坛: 3dm
[2026-08-23 03:37:50] [INFO] 从源站获取帖子列表...
[2026-08-23 03:37:50] [INFO] 从源站获取 24 条帖子
[2026-08-23 03:37:50] [INFO] 获取到 24 个帖子
[2026-08-23 03:37:50] [INFO] 
==================================================
[2026-08-23 03:37:50] [INFO] 开始处理论坛: 3DM论坛 (3dm)
[2026-08-23 03:37:50] [INFO] [3dm] 登录正常, formhash=2839931d, uid=35826384
[2026-08-23 03:37:51] [INFO] 
--- [3DM论坛] 处理: [17779]  ---
[2026-08-23 03:37:51] [INFO]   标题: 废土幸存者：爆心英雄/Ground Zero Hero    Build.24830728   免安装中文版
[2026-08-23 03:37:51] [INFO]   上传截图 1/3...
[2026-08-23 03:37:52] [INFO]   图片下载成功: 1114113 bytes
[2026-08-23 03:37:52] [INFO]   上传响应: 6487553
[2026-08-23 03:37:52] [INFO]   附件上传成功! aid=6487553
[2026-08-23 03:37:55] [INFO]   上传截图 2/3...
[2026-08-23 03:37:56] [INFO]   图片下载成功: 1190863 bytes
[2026-08-23 03:37:56] [INFO]   上传响应: 6487554
[2026-08-23 03:37:56] [INFO]   附件上传成功! aid=6487554
[2026-08-23 03:37:58] [INFO]   上传截图 3/3...
[2026-08-23 03:37:59] [INFO]   图片下载成功: 1146896 bytes
[2026-08-23 03:37:59] [INFO]   上传响应: 6487555
[2026-08-23 03:37:59] [INFO]   附件上传成功! aid=6487555
[2026-08-23 03:38:00] [INFO]   成功上传 3/3 张截图
[2026-08-23 03:38:00] [INFO]   正在发布到3DM论坛...
[2026-08-23 03:38:00] [INFO]   结果: 发帖被拒: 抱歉，您所在的用户组每小时限制发主题 3 个，请稍候再发表 | 抱歉，您所在的用户组每小时限制发主题 3 个，请稍候再发表
[2026-08-23 03:38:32] [INFO] 
--- [3DM论坛] 处理: [17778]  ---
[2026-08-23 03:38:33] [INFO]   标题: 光环：战役进化 /Halo: Campaign Evolved   v20260818   送修改器   免安装中文版
[2026-08-23 03:38:33] [INFO]   上传截图 1/3...
[2026-08-23 03:38:34] [INFO]   图片下载成功: 2972435 bytes
[2026-08-23 03:38:34] [INFO]   上传响应: 6487556
[2026-08-23 03:38:34] [INFO]   附件上传成功! aid=6487556
[2026-08-23 03:38:36] [INFO]   上传截图 2/3...
[2026-08-23 03:38:37] [INFO]   图片下载成功: 2472580 bytes
[2026-08-23 03:38:37] [INFO]   上传响应: 6487557
[2026-08-23 03:38:37] [INFO]   附件上传成功! aid=6487557
[2026-08-23 03:38:39] [INFO]   上传截图 3/3...
[2026-08-23 03:38:40] [INFO]   图片下载成功: 3583380 bytes
[2026-08-23 03:38:40] [INFO]   上传响应: 6487558
[2026-08-23 03:38:40] [INFO]   附件上传成功! aid=6487558
[2026-08-23 03:38:42] [INFO]   成功上传 3/3 张截图
[2026-08-23 03:38:42] [INFO]   正在发布到3DM论坛...
[2026-08-23 03:38:42] [INFO]   结果: 发帖被拒: 抱歉，您所在的用户组每小时限制发主题 3 个，请稍候再发表 | 抱歉，您所在的用户组每小时限制发主题 3 个，请稍候再发表
[2026-08-23 03:39:16] [INFO] 
--- [3DM论坛] 处理: [17777]  ---
[2026-08-23 03:39:16] [INFO]   标题: 野兽链接 /BeastLink   v20260818   免安装英文版
[2026-08-23 03:39:16] [INFO]   上传截图 1/3...
[2026-08-23 03:39:17] [INFO]   图片下载成功: 294682 bytes
[2026-08-23 03:39:17] [INFO]   上传响应: 6487559
[2026-08-23 03:39:17] [INFO]   附件上传成功! aid=6487559
[2026-08-23 03:39:18] [INFO]   上传截图 2/3...
[2026-08-23 03:39:19] [INFO]   图片下载成功: 513340 bytes
[2026-08-23 03:39:19] [INFO]   上传响应: 6487560
[2026-08-23 03:39:19] [INFO]   附件上传成功! aid=6487560
[2026-08-23 03:39:22] [INFO]   上传截图 3/3...
[2026-08-23 03:39:23] [INFO]   图片下载成功: 391643 bytes
[2026-08-23 03:39:23] [INFO]   上传响应: 6487561
[2026-08-23 03:39:23] [INFO]   附件上传成功! aid=6487561
[2026-08-23 03:39:26] [INFO]   成功上传 3/3 张截图
[2026-08-23 03:39:26] [INFO]   正在发布到3DM论坛...
[2026-08-23 03:39:26] [INFO]   结果: 发帖被拒: 抱歉，您所在的用户组每小时限制发主题 3 个，请稍候再发表 | 抱歉，您所在的用户组每小时限制发主题 3 个，请稍候再发表
[2026-08-23 04:00:16] [INFO] ==================================================
[2026-08-23 04:00:16] [INFO] Discuz!论坛自动发帖脚本启动
[2026-08-23 04:00:16] [INFO] 配置了 1 个论坛: 3dm
[2026-08-23 04:00:16] [INFO] 从源站获取帖子列表...
[2026-08-23 04:00:17] [INFO] 从源站获取 24 条帖子
[2026-08-23 04:00:17] [INFO] 获取到 24 个帖子
[2026-08-23 04:00:17] [INFO] 
==================================================
[2026-08-23 04:00:17] [INFO] 开始处理论坛: 3DM论坛 (3dm)
[2026-08-23 04:00:17] [INFO] [3dm] 登录正常, formhash=2839931d, uid=35826384
[2026-08-23 04:00:17] [INFO] 
--- [3DM论坛] 处理: [17779]  ---
[2026-08-23 04:00:18] [INFO]   标题: 废土幸存者：爆心英雄/Ground Zero Hero    Build.24830728   免安装中文版
[2026-08-23 04:00:18] [INFO]   上传截图 1/3...
[2026-08-23 04:00:19] [INFO]   图片下载成功: 1114113 bytes
[2026-08-23 04:00:19] [INFO]   上传响应: 6487564
[2026-08-23 04:00:19] [INFO]   附件上传成功! aid=6487564
[2026-08-23 04:00:21] [INFO]   上传截图 2/3...
[2026-08-23 04:00:22] [INFO]   图片下载成功: 1190863 bytes
[2026-08-23 04:00:22] [INFO]   上传响应: 6487565
[2026-08-23 04:00:22] [INFO]   附件上传成功! aid=6487565
[2026-08-23 04:00:23] [INFO]   上传截图 3/3...
[2026-08-23 04:00:24] [INFO]   图片下载成功: 1146896 bytes
[2026-08-23 04:00:24] [INFO]   上传响应: 6487566
[2026-08-23 04:00:25] [INFO]   附件上传成功! aid=6487566
[2026-08-23 04:00:27] [INFO]   成功上传 3/3 张截图
[2026-08-23 04:00:27] [INFO]   正在发布到3DM论坛...
[2026-08-23 04:00:27] [INFO]   结果: 发帖被拒: 抱歉，您所在的用户组每小时限制发主题 3 个，请稍候再发表 | 抱歉，您所在的用户组每小时限制发主题 3 个，请稍候再发表
[2026-08-23 04:01:09] [INFO] 
--- [3DM论坛] 处理: [17778]  ---
[2026-08-23 04:01:10] [INFO]   标题: 光环：战役进化 /Halo: Campaign Evolved   v20260818   送修改器   免安装中文版
[2026-08-23 04:01:10] [INFO]   上传截图 1/3...
[2026-08-23 04:01:11] [INFO]   图片下载成功: 2972435 bytes
[2026-08-23 04:01:11] [INFO]   上传响应: 6487567
[2026-08-23 04:01:11] [INFO]   附件上传成功! aid=6487567
[2026-08-23 04:01:14] [INFO]   上传截图 2/3...
[2026-08-23 04:01:15] [INFO]   图片下载成功: 2472580 bytes
[2026-08-23 04:01:16] [INFO]   上传响应: 6487568
[2026-08-23 04:01:16] [INFO]   附件上传成功! aid=6487568
[2026-08-23 04:01:17] [INFO]   上传截图 3/3...
[2026-08-23 04:01:18] [INFO]   图片下载成功: 3583380 bytes
[2026-08-23 04:01:19] [INFO]   上传响应: 6487569
[2026-08-23 04:01:19] [INFO]   附件上传成功! aid=6487569
[2026-08-23 04:01:21] [INFO]   成功上传 3/3 张截图
[2026-08-23 04:01:21] [INFO]   正在发布到3DM论坛...
[2026-08-23 04:01:22] [INFO]   结果: 发帖被拒: 抱歉，您所在的用户组每小时限制发主题 3 个，请稍候再发表 | 抱歉，您所在的用户组每小时限制发主题 3 个，请稍候再发表
[2026-08-23 08:02:44] [INFO] ==================================================
[2026-08-23 08:02:44] [INFO] Discuz!论坛自动发帖脚本启动
[2026-08-23 08:02:44] [INFO] 配置了 1 个论坛: 3dm
[2026-08-23 08:02:44] [INFO] 从源站获取帖子列表...
[2026-08-23 08:02:44] [INFO] 从源站获取 24 条帖子
[2026-08-23 08:02:44] [INFO] 获取到 24 个帖子
[2026-08-23 08:02:44] [INFO] 
==================================================
[2026-08-23 08:02:44] [INFO] 开始处理论坛: 3DM论坛 (3dm)
[2026-08-23 08:02:45] [INFO] [3dm] 登录正常, formhash=2839931d, uid=35826384
[2026-08-23 08:02:45] [INFO] 
--- [3DM论坛] 处理: [17779]  ---
[2026-08-23 08:02:45] [INFO]   标题: 废土幸存者：爆心英雄/Ground Zero Hero    Build.24830728   免安装中文版
[2026-08-23 08:02:45] [INFO]   上传截图 1/3...
[2026-08-23 08:02:46] [INFO]   图片下载成功: 1114113 bytes
[2026-08-23 08:02:47] [INFO]   上传响应: 6487671
[2026-08-23 08:02:47] [INFO]   附件上传成功! aid=6487671
[2026-08-23 08:02:50] [INFO]   上传截图 2/3...
[2026-08-23 08:02:50] [INFO]   图片下载成功: 1190863 bytes
[2026-08-23 08:02:51] [INFO]   上传响应: 6487672
[2026-08-23 08:02:51] [INFO]   附件上传成功! aid=6487672
[2026-08-23 08:02:52] [INFO]   上传截图 3/3...
[2026-08-23 08:02:53] [INFO]   图片下载成功: 1146896 bytes
[2026-08-23 08:02:54] [INFO]   上传响应: 6487673
[2026-08-23 08:02:54] [INFO]   附件上传成功! aid=6487673
[2026-08-23 08:02:56] [INFO]   成功上传 3/3 张截图
[2026-08-23 08:02:56] [INFO]   正在发布到3DM论坛...
[2026-08-23 08:02:57] [INFO]   结果: 发帖被拒: 新主题需要审核，您的帖子通过审核后才能显示正在设置主题封面, &nbsp;
[2026-08-23 08:03:41] [INFO] 
--- [3DM论坛] 处理: [17778]  ---
[2026-08-23 08:03:41] [INFO]   标题: 光环：战役进化 /Halo: Campaign Evolved   v20260818   送修改器   免安装中文版
[2026-08-23 08:03:41] [INFO]   上传截图 1/3...
[2026-08-23 08:03:43] [INFO]   图片下载成功: 2972435 bytes
[2026-08-23 08:03:43] [INFO]   上传响应: 6487674
[2026-08-23 08:03:43] [INFO]   附件上传成功! aid=6487674
[2026-08-23 08:03:45] [INFO]   上传截图 2/3...
[2026-08-23 08:03:46] [INFO]   图片下载成功: 2472580 bytes
[2026-08-23 08:03:46] [INFO]   上传响应: 6487675
[2026-08-23 08:03:46] [INFO]   附件上传成功! aid=6487675
[2026-08-23 08:03:48] [INFO]   上传截图 3/3...
[2026-08-23 08:03:49] [INFO]   图片下载成功: 3583380 bytes
[2026-08-23 08:03:50] [INFO]   上传响应: 6487676
[2026-08-23 08:03:50] [INFO]   附件上传成功! aid=6487676
[2026-08-23 08:03:51] [INFO]   成功上传 3/3 张截图
[2026-08-23 08:03:51] [INFO]   正在发布到3DM论坛...
[2026-08-23 08:03:52] [INFO]   结果: 发帖被拒: 新主题需要审核，您的帖子通过审核后才能显示正在设置主题封面, &nbsp;
[2026-08-23 08:04:30] [INFO] 
--- [3DM论坛] 处理: [17777]  ---
[2026-08-23 08:04:30] [INFO]   标题: 野兽链接 /BeastLink   v20260818   免安装英文版
[2026-08-23 08:04:30] [INFO]   上传截图 1/3...
[2026-08-23 08:04:31] [INFO]   图片下载成功: 294682 bytes
[2026-08-23 08:04:31] [INFO]   上传响应: 6487677
[2026-08-23 08:04:31] [INFO]   附件上传成功! aid=6487677
[2026-08-23 08:04:33] [INFO]   上传截图 2/3...
[2026-08-23 08:04:34] [INFO]   图片下载成功: 513340 bytes
[2026-08-23 08:04:34] [INFO]   上传响应: 6487678
[2026-08-23 08:04:34] [INFO]   附件上传成功! aid=6487678
[2026-08-23 08:04:36] [INFO]   上传截图 3/3...
[2026-08-23 08:04:36] [INFO]   图片下载成功: 391643 bytes
[2026-08-23 08:04:37] [INFO]   上传响应: 6487679
[2026-08-23 08:04:37] [INFO]   附件上传成功! aid=6487679
[2026-08-23 08:04:38] [INFO]   成功上传 3/3 张截图
[2026-08-23 08:04:38] [INFO]   正在发布到3DM论坛...
[2026-08-23 08:04:39] [INFO]   结果: 发帖被拒: 新主题需要审核，您的帖子通过审核后才能显示正在设置主题封面, &nbsp;
[2026-08-23 08:08:35] [INFO] ==================================================
[2026-08-23 08:08:35] [INFO] Discuz!论坛自动发帖脚本启动
[2026-08-23 08:08:35] [INFO] 配置了 1 个论坛: 3dm
[2026-08-23 08:08:35] [INFO] 从源站获取帖子列表...
[2026-08-23 08:08:36] [INFO] 从源站获取 24 条帖子
[2026-08-23 08:08:36] [INFO] 获取到 24 个帖子
[2026-08-23 08:08:36] [INFO] 
==================================================
[2026-08-23 08:08:36] [INFO] 开始处理论坛: 3DM论坛 (3dm)
[2026-08-23 08:08:36] [INFO] [3dm] 登录正常, formhash=2839931d, uid=35826384
[2026-08-23 08:08:36] [INFO] 
--- [3DM论坛] 处理: [17779]  ---
[2026-08-23 08:08:36] [INFO]   标题: 废土幸存者：爆心英雄/Ground Zero Hero    Build.24830728   免安装中文版
[2026-08-23 08:08:36] [INFO]   上传截图 1/3...
[2026-08-23 08:08:37] [INFO]   图片下载成功: 1114113 bytes
[2026-08-23 08:08:38] [INFO]   上传响应: 6487680
[2026-08-23 08:08:38] [INFO]   附件上传成功! aid=6487680
[2026-08-23 08:08:39] [INFO]   上传截图 2/3...
[2026-08-23 08:08:40] [INFO]   图片下载成功: 1190863 bytes
[2026-08-23 08:08:40] [INFO]   上传响应: 6487681
[2026-08-23 08:08:40] [INFO]   附件上传成功! aid=6487681
[2026-08-23 08:08:43] [INFO]   上传截图 3/3...
[2026-08-23 08:08:44] [INFO]   图片下载成功: 1146896 bytes
[2026-08-23 08:08:44] [INFO]   上传响应: 6487682
[2026-08-23 08:08:44] [INFO]   附件上传成功! aid=6487682
[2026-08-23 08:08:46] [INFO]   成功上传 3/3 张截图
[2026-08-23 08:08:46] [INFO]   正在发布到3DM论坛...
[2026-08-23 08:08:47] [INFO]   结果: 限流: 抱歉，您所在的用户组每小时限制发主题 3 个，请稍候再发表 | 抱歉，您所在的用户组每小时限制发主题 3 个，请稍候再发表
[2026-08-23 08:08:47] [WARN]   触发限流，停止发帖等待恢复
[2026-08-23 08:08:47] [INFO] [3DM论坛] 本次完成，今日发帖 0 条
[2026-08-23 08:08:47] [INFO] 
所有论坛处理完成
[2026-08-23 08:31:58] [INFO] ==================================================
[2026-08-23 08:31:58] [INFO] Discuz!论坛自动发帖脚本启动
[2026-08-23 08:31:58] [INFO] 配置了 1 个论坛: 3dm
[2026-08-23 08:31:58] [INFO] 从源站获取帖子列表...
[2026-08-23 08:31:59] [INFO] 从源站获取 24 条帖子
[2026-08-23 08:31:59] [INFO] 获取到 24 个帖子
[2026-08-23 08:31:59] [INFO] 
==================================================
[2026-08-23 08:31:59] [INFO] 开始处理论坛: 3DM论坛 (3dm)
[2026-08-23 08:31:59] [INFO] [3dm] 登录正常, formhash=2839931d, uid=35826384
[2026-08-23 08:31:59] [INFO] 
--- [3DM论坛] 处理: [17779]  ---
[2026-08-23 08:32:00] [INFO]   标题: 废土幸存者：爆心英雄/Ground Zero Hero    Build.24830728   免安装中文版
[2026-08-23 08:32:00] [INFO]   上传截图 1/3...
[2026-08-23 08:32:00] [INFO]   图片下载成功: 1114113 bytes
[2026-08-23 08:32:01] [INFO]   上传响应: 6487690
[2026-08-23 08:32:01] [INFO]   附件上传成功! aid=6487690
[2026-08-23 08:32:04] [INFO]   上传截图 2/3...
[2026-08-23 08:32:05] [INFO]   图片下载成功: 1190863 bytes
[2026-08-23 08:32:05] [INFO]   上传响应: 6487691
[2026-08-23 08:32:05] [INFO]   附件上传成功! aid=6487691
[2026-08-23 08:32:06] [INFO]   上传截图 3/3...
[2026-08-23 08:32:07] [INFO]   图片下载成功: 1146896 bytes
[2026-08-23 08:32:08] [INFO]   上传响应: 6487692
[2026-08-23 08:32:08] [INFO]   附件上传成功! aid=6487692
[2026-08-23 08:32:10] [INFO]   成功上传 3/3 张截图
[2026-08-23 08:32:10] [INFO]   正在发布到3DM论坛...
[2026-08-23 08:32:10] [INFO]   结果: 限流: 抱歉，您所在的用户组每小时限制发主题 3 个，请稍候再发表 | 抱歉，您所在的用户组每小时限制发主题 3 个，请稍候再发表
[2026-08-23 08:32:10] [WARN]   触发限流，停止发帖等待恢复
[2026-08-23 08:32:10] [INFO] [3DM论坛] 本次完成，今日发帖 0 条
[2026-08-23 08:32:10] [INFO] 
所有论坛处理完成
[2026-08-23 09:06:40] [INFO] ==================================================
[2026-08-23 09:06:40] [INFO] Discuz!论坛自动发帖脚本启动
[2026-08-23 09:06:40] [INFO] 配置了 1 个论坛: 3dm
[2026-08-23 09:06:40] [INFO] 从源站获取帖子列表...
[2026-08-23 09:06:40] [INFO] 从源站获取 24 条帖子
[2026-08-23 09:06:40] [INFO] 获取到 24 个帖子
[2026-08-23 09:06:40] [INFO] 
==================================================
[2026-08-23 09:06:40] [INFO] 开始处理论坛: 3DM论坛 (3dm)
[2026-08-23 09:06:41] [INFO] [3dm] 登录正常, formhash=2839931d, uid=35826384
[2026-08-23 09:06:41] [INFO] 
--- [3DM论坛] 处理: [17779]  ---
[2026-08-23 09:06:41] [INFO]   标题: 废土幸存者：爆心英雄/Ground Zero Hero    Build.24830728   免安装中文版
[2026-08-23 09:06:41] [INFO]   上传截图 1/3...
[2026-08-23 09:06:42] [INFO]   图片下载成功: 1114113 bytes
[2026-08-23 09:06:42] [INFO]   上传响应: 6487710
[2026-08-23 09:06:42] [INFO]   附件上传成功! aid=6487710
[2026-08-23 09:06:44] [INFO]   上传截图 2/3...
[2026-08-23 09:06:44] [INFO]   图片下载成功: 1190863 bytes
[2026-08-23 09:06:45] [INFO]   上传响应: 6487711
[2026-08-23 09:06:45] [INFO]   附件上传成功! aid=6487711
[2026-08-23 09:06:46] [INFO]   上传截图 3/3...
[2026-08-23 09:06:47] [INFO]   图片下载成功: 1146896 bytes
[2026-08-23 09:06:47] [INFO]   上传响应: 6487712
[2026-08-23 09:06:47] [INFO]   附件上传成功! aid=6487712
[2026-08-23 09:06:50] [INFO]   成功上传 3/3 张截图
[2026-08-23 09:06:50] [INFO]   正在发布到3DM论坛...
[2026-08-23 09:06:50] [INFO]   结果: 帖子已提交，等待审核
[2026-08-23 09:06:50] [INFO]   ✓ 发帖成功! 
[2026-08-23 09:06:50] [INFO] 等待 1092 秒后继续...
[2026-08-23 09:39:58] [INFO] ==================================================
[2026-08-23 09:39:58] [INFO] Discuz!论坛自动发帖脚本启动
[2026-08-23 09:39:58] [INFO] 配置了 1 个论坛: 3dm
[2026-08-23 09:39:58] [INFO] 从源站获取帖子列表...
[2026-08-23 09:39:59] [INFO] 从源站获取 24 条帖子
[2026-08-23 09:39:59] [INFO] 获取到 24 个帖子
[2026-08-23 09:39:59] [INFO] 
==================================================
[2026-08-23 09:39:59] [INFO] 开始处理论坛: 3DM论坛 (3dm)
[2026-08-23 09:39:59] [INFO] [3dm] 登录正常, formhash=2839931d, uid=35826384
[2026-08-23 09:39:59] [INFO] 
--- [3DM论坛] 处理: [17778]  ---
[2026-08-23 09:40:00] [INFO]   标题: 光环：战役进化 /Halo: Campaign Evolved   v20260818   送修改器   免安装中文版
[2026-08-23 09:40:00] [INFO]   上传截图 1/3...
[2026-08-23 09:40:11] [INFO]   图片下载成功: 2972435 bytes
[2026-08-23 09:40:12] [INFO]   上传响应: 6487723
[2026-08-23 09:40:12] [INFO]   附件上传成功! aid=6487723
[2026-08-23 09:40:13] [INFO]   上传截图 2/3...
[2026-08-23 09:40:15] [INFO]   图片下载成功: 2472580 bytes
[2026-08-23 09:40:15] [INFO]   上传响应: 6487724
[2026-08-23 09:40:15] [INFO]   附件上传成功! aid=6487724
[2026-08-23 09:40:17] [INFO]   上传截图 3/3...
[2026-08-23 09:40:20] [INFO]   图片下载成功: 3583380 bytes
[2026-08-23 09:40:21] [INFO]   上传响应: 6487725
[2026-08-23 09:40:21] [INFO]   附件上传成功! aid=6487725
[2026-08-23 09:40:23] [INFO]   成功上传 3/3 张截图
[2026-08-23 09:40:23] [INFO]   正在发布到3DM论坛...
[2026-08-23 09:40:23] [INFO]   结果: 帖子已提交，等待审核
[2026-08-23 09:40:23] [INFO]   ✓ 发帖成功! 
[2026-08-23 09:40:23] [INFO] [3dm] 已达每日上限，停止
[2026-08-23 09:40:23] [INFO] [3DM论坛] 本次完成，今日发帖 2 条
[2026-08-23 09:40:23] [INFO] 
所有论坛处理完成
[2026-08-23 10:08:51] [INFO] ==================================================
[2026-08-23 10:08:51] [INFO] Discuz!论坛自动发帖脚本启动
[2026-08-23 10:08:51] [INFO] 配置了 1 个论坛: 3dm
[2026-08-23 10:08:51] [INFO] 从源站获取帖子列表...
[2026-08-23 10:08:52] [INFO] 从源站获取 24 条帖子
[2026-08-23 10:08:52] [INFO] 获取到 24 个帖子
[2026-08-23 10:08:52] [INFO] 
==================================================
[2026-08-23 10:08:52] [INFO] 开始处理论坛: 3DM论坛 (3dm)
[2026-08-23 10:08:52] [INFO] [3dm] 登录正常, formhash=2839931d, uid=35826384
[2026-08-23 10:08:52] [INFO] [3dm] 今日已发帖 2 条，达到上限 2
[2026-08-23 10:08:52] [INFO] 
所有论坛处理完成
[2026-08-23 10:35:52] [INFO] ==================================================
[2026-08-23 10:35:52] [INFO] Discuz!论坛自动发帖脚本启动
[2026-08-23 10:35:52] [INFO] 配置了 1 个论坛: 3dm
[2026-08-23 10:35:52] [INFO] 从源站获取帖子列表...
[2026-08-23 10:35:53] [INFO] 从源站获取 24 条帖子
[2026-08-23 10:35:53] [INFO] 获取到 24 个帖子
[2026-08-23 10:35:53] [INFO] 
==================================================
[2026-08-23 10:35:53] [INFO] 开始处理论坛: 3DM论坛 (3dm)
[2026-08-23 10:35:53] [INFO] [3dm] 登录正常, formhash=2839931d, uid=35826384
[2026-08-23 10:35:53] [INFO] [3dm] 今日已发帖 2 条，达到上限 2
[2026-08-23 10:35:53] [INFO] 
所有论坛处理完成
[2026-08-23 11:03:39] [INFO] ==================================================
[2026-08-23 11:03:39] [INFO] Discuz!论坛自动发帖脚本启动
[2026-08-23 11:03:39] [INFO] 配置了 1 个论坛: 3dm
[2026-08-23 11:03:39] [INFO] 从源站获取帖子列表...
[2026-08-23 11:03:39] [INFO] 从源站获取 24 条帖子
[2026-08-23 11:03:39] [INFO] 获取到 24 个帖子
[2026-08-23 11:03:39] [INFO] 
==================================================
[2026-08-23 11:03:39] [INFO] 开始处理论坛: 3DM论坛 (3dm)
[2026-08-23 11:03:39] [INFO] [3dm] 登录正常, formhash=2839931d, uid=35826384
[2026-08-23 11:03:39] [INFO] [3dm] 今日已发帖 2 条，达到上限 2
[2026-08-23 11:03:39] [INFO] 
所有论坛处理完成
[2026-08-23 11:33:07] [INFO] ==================================================
[2026-08-23 11:33:07] [INFO] Discuz!论坛自动发帖脚本启动
[2026-08-23 11:33:07] [INFO] 配置了 1 个论坛: 3dm
[2026-08-23 11:33:07] [INFO] 从源站获取帖子列表...
[2026-08-23 11:33:08] [INFO] 从源站获取 24 条帖子
[2026-08-23 11:33:08] [INFO] 获取到 24 个帖子
[2026-08-23 11:33:08] [INFO] 
==================================================
[2026-08-23 11:33:08] [INFO] 开始处理论坛: 3DM论坛 (3dm)
[2026-08-23 11:33:08] [INFO] [3dm] 登录正常, formhash=2839931d, uid=35826384
[2026-08-23 11:33:08] [INFO] [3dm] 今日已发帖 2 条，达到上限 2
[2026-08-23 11:33:08] [INFO] 
所有论坛处理完成
[2026-08-23 12:10:09] [INFO] ==================================================
[2026-08-23 12:10:09] [INFO] Discuz!论坛自动发帖脚本启动
[2026-08-23 12:10:09] [INFO] 配置了 1 个论坛: 3dm
[2026-08-23 12:10:09] [INFO] 从源站获取帖子列表...
[2026-08-23 12:10:10] [INFO] 从源站获取 24 条帖子
[2026-08-23 12:10:10] [INFO] 获取到 24 个帖子
[2026-08-23 12:10:10] [INFO] 
==================================================
[2026-08-23 12:10:10] [INFO] 开始处理论坛: 3DM论坛 (3dm)
[2026-08-23 12:10:10] [INFO] [3dm] 登录正常, formhash=2839931d, uid=35826384
[2026-08-23 12:10:10] [INFO] [3dm] 今日已发帖 2 条，达到上限 2
[2026-08-23 12:10:10] [INFO] 
所有论坛处理完成
[2026-08-23 12:36:09] [INFO] ==================================================
[2026-08-23 12:36:09] [INFO] Discuz!论坛自动发帖脚本启动
[2026-08-23 12:36:09] [INFO] 配置了 1 个论坛: 3dm
[2026-08-23 12:36:09] [INFO] 从源站获取帖子列表...
[2026-08-23 12:36:09] [INFO] 从源站获取 24 条帖子
[2026-08-23 12:36:09] [INFO] 获取到 24 个帖子
[2026-08-23 12:36:09] [INFO] 
==================================================
[2026-08-23 12:36:09] [INFO] 开始处理论坛: 3DM论坛 (3dm)
[2026-08-23 12:36:10] [INFO] [3dm] 登录正常, formhash=2839931d, uid=35826384
[2026-08-23 12:36:10] [INFO] [3dm] 今日已发帖 2 条，达到上限 2
[2026-08-23 12:36:10] [INFO] 
所有论坛处理完成
[2026-08-23 13:06:11] [INFO] ==================================================
[2026-08-23 13:06:11] [INFO] Discuz!论坛自动发帖脚本启动
[2026-08-23 13:06:11] [INFO] 配置了 1 个论坛: 3dm
[2026-08-23 13:06:11] [INFO] 从源站获取帖子列表...
[2026-08-23 13:06:11] [INFO] 从源站获取 24 条帖子
[2026-08-23 13:06:11] [INFO] 获取到 24 个帖子
[2026-08-23 13:06:11] [INFO] 
==================================================
[2026-08-23 13:06:11] [INFO] 开始处理论坛: 3DM论坛 (3dm)
[2026-08-23 13:06:11] [INFO] [3dm] 登录正常, formhash=2839931d, uid=35826384
[2026-08-23 13:06:11] [INFO] [3dm] 今日已发帖 2 条，达到上限 2
[2026-08-23 13:06:11] [INFO] 
所有论坛处理完成
[2026-08-23 13:37:49] [INFO] ==================================================
[2026-08-23 13:37:49] [INFO] Discuz!论坛自动发帖脚本启动
[2026-08-23 13:37:49] [INFO] 配置了 1 个论坛: 3dm
[2026-08-23 13:37:49] [INFO] 从源站获取帖子列表...
[2026-08-23 13:37:50] [INFO] 从源站获取 24 条帖子
[2026-08-23 13:37:50] [INFO] 获取到 24 个帖子
[2026-08-23 13:37:50] [INFO] 
==================================================
[2026-08-23 13:37:50] [INFO] 开始处理论坛: 3DM论坛 (3dm)
[2026-08-23 13:37:51] [INFO] [3dm] 登录正常, formhash=2839931d, uid=35826384
[2026-08-23 13:37:51] [INFO] [3dm] 今日已发帖 2 条，达到上限 2
[2026-08-23 13:37:51] [INFO] 
所有论坛处理完成
[2026-08-23 14:04:41] [INFO] ==================================================
[2026-08-23 14:04:41] [INFO] Discuz!论坛自动发帖脚本启动
[2026-08-23 14:04:41] [INFO] 配置了 1 个论坛: 3dm
[2026-08-23 14:04:41] [INFO] 从源站获取帖子列表...
[2026-08-23 14:04:42] [INFO] 从源站获取 24 条帖子
[2026-08-23 14:04:42] [INFO] 获取到 24 个帖子
[2026-08-23 14:04:42] [INFO] 
==================================================
[2026-08-23 14:04:42] [INFO] 开始处理论坛: 3DM论坛 (3dm)
[2026-08-23 14:04:42] [INFO] [3dm] 登录正常, formhash=2839931d, uid=35826384
[2026-08-23 14:04:42] [INFO] [3dm] 今日已发帖 2 条，达到上限 2
[2026-08-23 14:04:42] [INFO] 
所有论坛处理完成
[2026-08-23 14:30:20] [INFO] ==================================================
[2026-08-23 14:30:20] [INFO] Discuz!论坛自动发帖脚本启动
[2026-08-23 14:30:20] [INFO] 配置了 1 个论坛: 3dm
[2026-08-23 14:30:20] [INFO] 从源站获取帖子列表...
[2026-08-23 14:30:20] [INFO] 从源站获取 24 条帖子
[2026-08-23 14:30:20] [INFO] 获取到 24 个帖子
[2026-08-23 14:30:20] [INFO] 
==================================================
[2026-08-23 14:30:20] [INFO] 开始处理论坛: 3DM论坛 (3dm)
[2026-08-23 14:30:21] [INFO] [3dm] 登录正常, formhash=2839931d, uid=35826384
[2026-08-23 14:30:21] [INFO] [3dm] 今日已发帖 2 条，达到上限 2
[2026-08-23 14:30:21] [INFO] 
所有论坛处理完成
[2026-08-23 15:05:06] [INFO] ==================================================
[2026-08-23 15:05:06] [INFO] Discuz!论坛自动发帖脚本启动
[2026-08-23 15:05:06] [INFO] 配置了 1 个论坛: 3dm
[2026-08-23 15:05:06] [INFO] 从源站获取帖子列表...
[2026-08-23 15:05:08] [INFO] 从源站获取 24 条帖子
[2026-08-23 15:05:08] [INFO] 获取到 24 个帖子
[2026-08-23 15:05:08] [INFO] 
==================================================
[2026-08-23 15:05:08] [INFO] 开始处理论坛: 3DM论坛 (3dm)
[2026-08-23 15:05:08] [INFO] [3dm] 登录正常, formhash=2839931d, uid=35826384
[2026-08-23 15:05:08] [INFO] [3dm] 今日已发帖 2 条，达到上限 2
[2026-08-23 15:05:08] [INFO] 
所有论坛处理完成
