[*] 从本地加载帖子...
[+] 共找到 6 条未发帖子（总计 12745 条）
[*] 正在登录 13184017302 ...
[+] 登录成功! UID=1347118

==================================================
[1/6] 【安卓】云析 v1.2.4 多网盘解析与高速下载工具

[*] 处理: 【安卓】云析 v1.2.4 多网盘解析与高速下载工具 [未分类]
  [>] 下载图片: http://img.lysq.cc.cd/uploads/screenshots/screenshot_6a81e96423010_0.jpg
  [+] 图片大小: 255070 bytes
  [+] 上传成功
  [>] 下载图片: http://img.lysq.cc.cd/uploads/screenshots/screenshot_6a81e964ad39b_0.jpg
  [+] 图片大小: 287753 bytes
  [+] 上传成功
[*] 发帖: 【安卓】云析 v1.2.4 多网盘解析与高速下载工具... [mid=1 tag=软件分享]
[+] 发帖成功: 请求成功

    等待60秒...

==================================================
[2/6] ToDesk云电脑随开随用高端云配

[*] 处理: ToDesk云电脑随开随用高端云配 [未分类]
  [>] 下载图片: http://img.lysq.cc.cd/uploads/screenshots/screenshot_6a81e94dcfc55_0.jpg
  [+] 图片大小: 307797 bytes
  [+] 上传成功
  [>] 下载图片: http://img.lysq.cc.cd/uploads/screenshots/screenshot_6a81e94e4b2f2_0.jpg
  [+] 图片大小: 196593 bytes
  [+] 上传成功
  [>] 下载图片: http://img.lysq.cc.cd/uploads/screenshots/screenshot_6a81e94ed2af9_0.jpg
  [+] 图片大小: 231884 bytes
  [+] 上传成功
[*] 发帖: ToDesk云电脑随开随用高端云配... [mid=1 tag=软件分享]
[-] 发帖失败: 用户登录超时,请重新登录

    等待60秒...

==================================================
[3/6] Anatomy Learning会员版3D人体解剖

[*] 处理: Anatomy Learning会员版3D人体解剖 [未分类]
  [>] 下载图片: http://img.lysq.cc.cd/uploads/screenshots/screenshot_6a81e937c8d98_0.jpg
  [+] 图片大小: 704544 bytes
  [+] 上传成功
  [>] 下载图片: http://img.lysq.cc.cd/uploads/screenshots/screenshot_6a81e9386e4bb_0.jpg
  [+] 图片大小: 478731 bytes
  [+] 上传成功
  [>] 下载图片: http://img.lysq.cc.cd/uploads/screenshots/screenshot_6a81e938ef7b4_0.jpg
  [+] 图片大小: 291639 bytes
  [+] 上传成功
[*] 发帖: Anatomy Learning会员版3D人体解剖... [mid=1 tag=软件分享]
[-] 发帖失败: 用户登录超时,请重新登录

    等待60秒...

==================================================
[4/6] 心动次元 虚拟恋人无限次无违禁聊天 内置免费通道

[*] 处理: 心动次元 虚拟恋人无限次无违禁聊天 内置免费通道 [未分类]
  [>] 下载图片: http://img.lysq.cc.cd/uploads/screenshots/screenshot_6a81e9209e5aa_0.jpg
  [+] 图片大小: 517211 bytes
  [+] 上传成功
  [>] 下载图片: http://img.lysq.cc.cd/uploads/screenshots/screenshot_6a81e9213ce49_0.jpg
  [+] 图片大小: 585714 bytes
  [+] 上传成功
  [>] 下载图片: http://img.lysq.cc.cd/uploads/screenshots/screenshot_6a81e92242f8a_0.jpg
  [+] 图片大小: 578164 bytes
  [+] 上传成功
[*] 发帖: 心动次元 虚拟恋人无限次无违禁聊天 内置免费通道... [mid=1 tag=软件分享]
[-] 发帖失败: 用户登录超时,请重新登录

    等待60秒...

==================================================
[5/6] 清墨最新版 纯净无广小说阅读器专注阅读

[*] 处理: 清墨最新版 纯净无广小说阅读器专注阅读 [未分类]
  [>] 下载图片: http://img.lysq.cc.cd/uploads/screenshots/screenshot_6a81e90952380_0.jpg
  [+] 图片大小: 107750 bytes
  [+] 上传成功
  [>] 下载图片: http://img.lysq.cc.cd/uploads/screenshots/screenshot_6a81e909ae4bc_0.jpg
  [+] 图片大小: 63883 bytes
  [+] 上传成功
  [>] 下载图片: http://img.lysq.cc.cd/uploads/screenshots/screenshot_6a81e90a280b7_0.jpg
  [+] 图片大小: 126979 bytes
  [+] 上传成功
[*] 发帖: 清墨最新版 纯净无广小说阅读器专注阅读... [mid=1 tag=软件分享]
[-] 发帖失败: 用户登录超时,请重新登录

    等待60秒...

==================================================
[6/6] 最新番茄小说下载器一键下载小说支持自动阅读

[*] 处理: 最新番茄小说下载器一键下载小说支持自动阅读 [未分类]
  [>] 下载图片: http://img.lysq.cc.cd/uploads/screenshots/screenshot_6a81e8e50fff8_0.jpg
  [+] 图片大小: 261893 bytes
  [+] 上传成功
  [>] 下载图片: http://img.lysq.cc.cd/uploads/screenshots/screenshot_6a81e8e5de871_0.jpg
  [+] 图片大小: 323122 bytes
  [+] 上传成功
  [>] 下载图片: http://img.lysq.cc.cd/uploads/screenshots/screenshot_6a81e8e673d0f_0.jpg
  [+] 图片大小: 236008 bytes
  [+] 上传成功
[*] 发帖: 最新番茄小说下载器一键下载小说支持自动阅读... [mid=1 tag=软件分享]
[-] 发帖失败: 用户登录超时,请重新登录

==================================================
本批完成: 成功 1, 失败 5, 总计 6
