[*] 从本地加载帖子...
[*] 加载数据: /home/work/dumate/d02d6cc798e148008169cbc91e32731c/workspace/ses_gffe5fe51acb97ffeqhVv5UIT5Dnshj/all_posts_full.json
[+] 共找到 10 条未发帖子（总计 12745 条）
[*] 本次计划发帖: 10 条
[*] 登录中...
[*] 正在登录 13184017302 ...
[+] 登录成功! UID=1347118

==================================================
[1/10] 哆哆变声器真实实时变声器 文本配音

[*] 处理: 哆哆变声器真实实时变声器 文本配音 [休闲益智]
    [>] 访问下载页 ...
  [>] 下载图片: http://img.lysq.cc.cd/uploads/screenshots/screenshot_6a7df0056952b_0.jpg
  [+] 图片大小: 275929 bytes
  [+] 上传成功
  [>] 下载图片: http://img.lysq.cc.cd/uploads/screenshots/screenshot_6a7df00600d49_0.jpg
  [+] 图片大小: 242606 bytes
  [+] 上传成功
  [>] 下载图片: http://img.lysq.cc.cd/uploads/screenshots/screenshot_6a7df006c64d3_0.jpg
  [+] 图片大小: 258718 bytes
  [+] 上传成功
[*] 发帖: 哆哆变声器真实实时变声器 文本配音... [mid=1 tag=游戏]
[+] 发帖成功: 请求成功

    等待120秒...

==================================================
[2/10] DraStic模拟器DS游戏模拟器导入即开即玩

[*] 处理: DraStic模拟器DS游戏模拟器导入即开即玩 [休闲益智]
    [>] 访问下载页 ...
  [>] 下载图片: http://img.lysq.cc.cd/uploads/screenshots/screenshot_6a7dee019c66c_0.jpg
  [+] 图片大小: 74625 bytes
  [+] 上传成功
  [>] 下载图片: http://img.lysq.cc.cd/uploads/screenshots/screenshot_6a7dee028130e_0.jpg
  [+] 图片大小: 203728 bytes
  [+] 上传成功
  [>] 下载图片: http://img.lysq.cc.cd/uploads/screenshots/screenshot_6a7dee0304a72_0.jpg
  [+] 图片大小: 125322 bytes
  [+] 上传成功
[*] 发帖: DraStic模拟器DS游戏模拟器导入即开即玩... [mid=1 tag=游戏]
[+] 发帖成功: 请求成功

    等待120秒...

==================================================
[3/10] 学英语背单词，读句子，学字母零基础必备

[*] 处理: 学英语背单词，读句子，学字母零基础必备 [休闲益智]
    [>] 访问下载页 ...
  [>] 下载图片: http://img.lysq.cc.cd/uploads/screenshots/screenshot_6a7dec1b00015_0.jpg
  [+] 图片大小: 228628 bytes
  [+] 上传成功
  [>] 下载图片: http://img.lysq.cc.cd/uploads/screenshots/screenshot_6a7dec1b9d714_0.jpg
  [+] 图片大小: 246429 bytes
  [+] 上传成功
  [>] 下载图片: http://img.lysq.cc.cd/uploads/screenshots/screenshot_6a7dec1c3c57f_0.jpg
  [+] 图片大小: 284547 bytes
  [+] 上传成功
[*] 发帖: 学英语背单词，读句子，学字母零基础必备... [mid=1 tag=游戏]
[+] 发帖成功: 请求成功

    等待120秒...

==================================================
[4/10] X-plore文件管理器安卓必备最强管理器

[*] 处理: X-plore文件管理器安卓必备最强管理器 [休闲益智]
    [>] 访问下载页 ...
  [>] 下载图片: http://img.lysq.cc.cd/uploads/screenshots/screenshot_6a7deb997195c_0.jpg
  [+] 图片大小: 263866 bytes
  [+] 上传成功
  [>] 下载图片: http://img.lysq.cc.cd/uploads/screenshots/screenshot_6a7deb9c68c8d_0.jpg
  [+] 图片大小: 262223 bytes
  [+] 上传成功
  [>] 下载图片: http://img.lysq.cc.cd/uploads/screenshots/screenshot_6a7deb9f3aab7_0.jpg
  [+] 图片大小: 231914 bytes
  [+] 上传成功
[*] 发帖: X-plore文件管理器安卓必备最强管理器... [mid=1 tag=游戏]
[+] 发帖成功: 请求成功

    等待120秒...

==================================================
[5/10] 休闲五子棋1.0智能ai博弈｜双人博弈能赢算你牛

[*] 处理: 休闲五子棋1.0智能ai博弈｜双人博弈能赢算你牛 [休闲益智]
    [>] 访问下载页 ...
  [>] 下载图片: http://img.lysq.cc.cd/uploads/screenshots/screenshot_6a7dbab5ae0ef_0.jpg
  [+] 图片大小: 245210 bytes
  [+] 上传成功
  [>] 下载图片: http://img.lysq.cc.cd/uploads/screenshots/screenshot_6a7dbab64ad96_0.jpg
  [+] 图片大小: 205649 bytes
  [+] 上传成功
  [>] 下载图片: http://img.lysq.cc.cd/uploads/screenshots/screenshot_6a7dbab8d715f_0.jpg
  [+] 图片大小: 270170 bytes
  [+] 上传成功
[*] 发帖: 休闲五子棋1.0智能ai博弈｜双人博弈能赢算你牛... [mid=1 tag=游戏]
[+] 发帖成功: 请求成功

    等待120秒...

==================================================
[6/10] 365Scores体育迷必备实时追踪全球 体育赛

[*] 处理: 365Scores体育迷必备实时追踪全球 体育赛 [体育竞速]
    [>] 访问下载页 ...
  [>] 下载图片: http://img.lysq.cc.cd/uploads/screenshots/screenshot_6a7db545ac258_0.jpg
  [+] 图片大小: 282422 bytes
  [+] 上传成功
  [>] 下载图片: http://img.lysq.cc.cd/uploads/screenshots/screenshot_6a7db546292e0_0.jpg
  [+] 图片大小: 216571 bytes
  [+] 上传成功
  [>] 下载图片: http://img.lysq.cc.cd/uploads/screenshots/screenshot_6a7db546b78f5_0.jpg
  [+] 图片大小: 280179 bytes
  [+] 上传成功
[*] 发帖: 365Scores体育迷必备实时追踪全球 体育赛... [mid=1 tag=游戏]
[+] 发帖成功: 请求成功

    等待120秒...

==================================================
[7/10] 小米手环必备表盘自定义工具

[*] 处理: 小米手环必备表盘自定义工具 [休闲益智]
    [>] 访问下载页 ...
  [>] 下载图片: http://img.lysq.cc.cd/uploads/screenshots/screenshot_6a7d7f435afed_0.jpg
  [+] 图片大小: 564157 bytes
  [+] 上传成功
  [>] 下载图片: http://img.lysq.cc.cd/uploads/screenshots/screenshot_6a7d7f43ef5c8_0.jpg
  [+] 图片大小: 437633 bytes
  [+] 上传成功
  [>] 下载图片: http://img.lysq.cc.cd/uploads/screenshots/screenshot_6a7d7f446d9a4_0.jpg
  [+] 图片大小: 301111 bytes
  [+] 上传成功
[*] 发帖: 小米手环必备表盘自定义工具... [mid=1 tag=游戏]
[+] 发帖成功: 请求成功

    等待120秒...

==================================================
[8/10] Winlator 汉化版手机虚拟电脑 可玩游戏办公等

[*] 处理: Winlator 汉化版手机虚拟电脑 可玩游戏办公等 [开放世界]
    [>] 访问下载页 ...
  [>] 下载图片: http://img.lysq.cc.cd/uploads/screenshots/screenshot_6a7d7e8e80fcc_0.jpg
  [+] 图片大小: 93536 bytes
  [+] 上传成功
  [>] 下载图片: http://img.lysq.cc.cd/uploads/screenshots/screenshot_6a7d7e8f0b5a6_0.jpg
  [+] 图片大小: 255205 bytes
  [+] 上传成功
  [>] 下载图片: http://img.lysq.cc.cd/uploads/screenshots/screenshot_6a7d7e8f98ab9_0.jpg
  [+] 图片大小: 266273 bytes
  [+] 上传成功
[*] 发帖: Winlator 汉化版手机虚拟电脑 可玩游戏办公等... [mid=1 tag=游戏]
[+] 发帖成功: 请求成功

    等待120秒...

==================================================
[9/10] RetroArch全能模拟器多平台街机游戏模拟器

[*] 处理: RetroArch全能模拟器多平台街机游戏模拟器 [休闲益智]
    [>] 访问下载页 ...
  [>] 下载图片: http://img.lysq.cc.cd/uploads/screenshots/screenshot_6a79ef0458d8b_0.jpg
  [+] 图片大小: 294408 bytes
  [+] 上传成功
  [>] 下载图片: http://img.lysq.cc.cd/uploads/screenshots/screenshot_6a79ef04e7de0_0.png
  [+] 图片大小: 158007 bytes
  [+] 上传成功
  [>] 下载图片: http://img.lysq.cc.cd/uploads/screenshots/screenshot_6a79ef05996d2_0.jpg
  [+] 图片大小: 459180 bytes
  [+] 上传成功
[*] 发帖: RetroArch全能模拟器多平台街机游戏模拟器... [mid=1 tag=游戏]
[+] 发帖成功: 请求成功

    等待120秒...

==================================================
[10/10] Wallpaper Engine手机版 v2.7.4

[*] 处理: Wallpaper Engine手机版 v2.7.4 [steam移植]
    [>] 访问下载页 ...
[*] 发帖: Wallpaper Engine手机版 v2.7.4... [mid=1 tag=游戏]
[+] 发帖成功: 请求成功

==================================================
本批完成: 成功 10, 失败 0, 总计 10
预计耗时: 约 20 分钟
