[*] 从本地加载帖子...
[+] 共找到 10 条未发帖子（总计 12745 条）

==================================================
[1/10] 起开 虚拟恋人无限制聊天 Ai生成恋人
[*] 正在登录 13184017302 ...
[+] 登录成功! UID=1347118

[*] 处理: 起开 虚拟恋人无限制聊天 Ai生成恋人 [聊天社交]
  [>] 下载图片: http://img.lysq.cc.cd/uploads/screenshots/screenshot_6a80af680f12b_0.jpg
  [+] 图片大小: 600393 bytes
  [+] 上传成功
  [>] 下载图片: http://img.lysq.cc.cd/uploads/screenshots/screenshot_6a80af6870d6b_0.jpg
  [+] 图片大小: 130421 bytes
  [+] 上传成功
  [>] 下载图片: http://img.lysq.cc.cd/uploads/screenshots/screenshot_6a80af68f2a7e_0.jpg
  [+] 图片大小: 313827 bytes
  [+] 上传成功
[*] 发帖: 起开 虚拟恋人无限制聊天 Ai生成恋人... [mid=1 tag=软件分享]
[+] 发帖成功: 请求成功

    等待60秒...

==================================================
[2/10] Repo Store开源软件应用商店 免费无广告
[*] 正在登录 13184017302 ...
[+] 登录成功! UID=1347118

[*] 处理: Repo Store开源软件应用商店 免费无广告 [文件管理]
  [>] 下载图片: http://img.lysq.cc.cd/uploads/screenshots/screenshot_6a80af2a2879d_0.jpg
  [+] 图片大小: 283241 bytes
  [+] 上传成功
  [>] 下载图片: http://img.lysq.cc.cd/uploads/screenshots/screenshot_6a80af2aa10a9_0.jpg
  [+] 图片大小: 246330 bytes
  [+] 上传成功
  [>] 下载图片: http://img.lysq.cc.cd/uploads/screenshots/screenshot_6a80af2b2846b_0.jpg
  [+] 图片大小: 250437 bytes
  [+] 上传成功
[*] 发帖: Repo Store开源软件应用商店 免费无广告... [mid=1 tag=软件分享]
[+] 发帖成功: 请求成功

    等待60秒...

==================================================
[3/10] SealPlus万能视频下载支持上千视频平台
[*] 正在登录 13184017302 ...
[+] 登录成功! UID=1347118

[*] 处理: SealPlus万能视频下载支持上千视频平台 [下载工具]
  [>] 下载图片: http://img.lysq.cc.cd/uploads/screenshots/screenshot_6a80af1453b63_0.jpg
  [+] 图片大小: 183572 bytes
  [+] 上传成功
  [>] 下载图片: http://img.lysq.cc.cd/uploads/screenshots/screenshot_6a80af14cbac6_0.jpg
  [+] 图片大小: 115841 bytes
  [+] 上传成功
  [>] 下载图片: http://img.lysq.cc.cd/uploads/screenshots/screenshot_6a80af1562a6f_0.jpg
  [+] 图片大小: 276183 bytes
  [+] 上传成功
[*] 发帖: SealPlus万能视频下载支持上千视频平台... [mid=1 tag=工具]
[-] 发帖失败: 用户登录超时,请重新登录

    等待60秒...

==================================================
[4/10] 【安卓】高德地图车机版湖山地标建筑美景红绿灯读秒
[*] 正在登录 13184017302 ...
[+] 登录成功! UID=1347118

[*] 处理: 【安卓】高德地图车机版湖山地标建筑美景红绿灯读秒 [生活出行]
  [>] 下载图片: http://img.lysq.cc.cd/uploads/screenshots/screenshot_6a80aefc9dbcf_0.jpg
  [+] 图片大小: 293371 bytes
  [+] 上传成功
  [>] 下载图片: http://img.lysq.cc.cd/uploads/screenshots/screenshot_6a80aefd2e2fd_0.jpg
  [+] 图片大小: 206909 bytes
  [+] 上传成功
  [>] 下载图片: http://img.lysq.cc.cd/uploads/screenshots/screenshot_6a80aefda85da_0.jpg
  [+] 图片大小: 223654 bytes
  [+] 上传成功
[*] 发帖: 【安卓】高德地图车机版湖山地标建筑美景红绿灯读秒... [mid=1 tag=软件分享]
[+] 发帖成功: 请求成功

    等待60秒...

==================================================
[5/10] ThemeApp专业手机桌面美化解锁会员版
[*] 正在登录 13184017302 ...
[+] 登录成功! UID=1347118

[*] 处理: ThemeApp专业手机桌面美化解锁会员版 [动漫追番]
  [>] 下载图片: http://img.lysq.cc.cd/uploads/screenshots/screenshot_6a80aee68753e_0.jpg
  [+] 图片大小: 603193 bytes
  [+] 上传成功
  [>] 下载图片: http://img.lysq.cc.cd/uploads/screenshots/screenshot_6a80aee7297a0_0.jpg
  [+] 图片大小: 487679 bytes
  [+] 上传成功
[*] 发帖: ThemeApp专业手机桌面美化解锁会员版... [mid=1 tag=视频]
[+] 发帖成功: 请求成功

    等待60秒...

==================================================
[6/10] AB DM 超级免费下载器磁力种子/视频不限速下载
[*] 正在登录 13184017302 ...
[+] 登录成功! UID=1347118

[*] 处理: AB DM 超级免费下载器磁力种子/视频不限速下载 [下载工具]
  [>] 下载图片: http://img.lysq.cc.cd/uploads/screenshots/screenshot_6a80ae911bad1_0.jpg
  [+] 图片大小: 248846 bytes
  [+] 上传成功
  [>] 下载图片: http://img.lysq.cc.cd/uploads/screenshots/screenshot_6a80ae919ae1f_0.jpg
  [+] 图片大小: 214254 bytes
  [+] 上传成功
  [>] 下载图片: http://img.lysq.cc.cd/uploads/screenshots/screenshot_6a80ae9212152_0.jpg
  [+] 图片大小: 118115 bytes
  [+] 上传成功
[*] 发帖: AB DM 超级免费下载器磁力种子/视频不限速下载... [mid=1 tag=工具]
[+] 发帖成功: 请求成功

    等待60秒...

==================================================
[7/10] WPS 国际版解锁永久会员 专业级办公软件
[*] 正在登录 13184017302 ...
[+] 登录成功! UID=1347118

[*] 处理: WPS 国际版解锁永久会员 专业级办公软件 [办公阅读]
  [>] 下载图片: http://img.lysq.cc.cd/uploads/screenshots/screenshot_6a80ae7c670d4_0.jpg
  [+] 图片大小: 294878 bytes
  [+] 上传成功
  [>] 下载图片: http://img.lysq.cc.cd/uploads/screenshots/screenshot_6a80ae7ce134d_0.jpg
  [+] 图片大小: 248624 bytes
  [+] 上传成功
  [>] 下载图片: http://img.lysq.cc.cd/uploads/screenshots/screenshot_6a80ae7d65f7b_0.jpg
  [+] 图片大小: 310298 bytes
  [+] 上传成功
[*] 发帖: WPS 国际版解锁永久会员 专业级办公软件... [mid=1 tag=工具]
[+] 发帖成功: 请求成功

    等待60秒...
帖成功: 请求成功

    等待60秒...

==================================================
[8/10] SDownloader?无敏感限制视频下载㊙至尊版
[*] 正在登录 13184017302 ...
[+] 登录成功! UID=1347118

[*] 处理: SDownloader?无敏感限制视频下载㊙至尊版 [音乐播放]
  [>] 下载图片: http://img.lysq.cc.cd/uploads/screenshots/screenshot_6a80ade5f0dbe_0.jpg
  [+] 图片大小: 218009 bytes
  [+] 上传成功
  [>] 下载图片: http://img.lysq.cc.cd/uploads/screenshots/screenshot_6a80ade662fbb_0.jpg
  [+] 图片大小: 121026 bytes
  [+] 上传成功
