[*] 从本地加载帖子...
[*] 加载数据: /home/work/dumate/d02d6cc798e148008169cbc91e32731c/workspace/ses_gffe5fe51acb97ffeqhVv5UIT5Dnshj/all_posts_full.json
[+] 共找到 10 条未发帖子（总计 12745 条）
[*] 本次计划发帖: 10 条
[*] 登录中...
[*] 正在登录 13184017302 ...
[+] 登录成功! UID=1347118

==================================================
[1/10] 千问输入法阿里大厂出品接入千问AI

[*] 处理: 千问输入法阿里大厂出品接入千问AI [休闲益智]
    [>] 访问下载页 ...
  [>] 下载图片: http://img.lysq.cc.cd/uploads/screenshots/screenshot_6a7dfbe5ce7d3_0.png
  [+] 图片大小: 233755 bytes
  [+] 上传成功
  [>] 下载图片: http://img.lysq.cc.cd/uploads/screenshots/screenshot_6a7dfbe651cbc_0.png
  [+] 图片大小: 195106 bytes
  [+] 上传成功
  [>] 下载图片: http://img.lysq.cc.cd/uploads/screenshots/screenshot_6a7dfbe6d8e3c_0.png
  [+] 图片大小: 224652 bytes
  [+] 上传成功
[*] 发帖: 千问输入法阿里大厂出品接入千问AI... [mid=1 tag=游戏]
[+] 发帖成功: 请求成功

    等待120秒...

==================================================
[2/10] 像塑抖音特效制作工具自媒体副业赚钱必备

[*] 处理: 像塑抖音特效制作工具自媒体副业赚钱必备 [休闲益智]
    [>] 访问下载页 ...
  [>] 下载图片: http://img.lysq.cc.cd/uploads/screenshots/screenshot_6a7dfbd1cb718_0.jpg
  [+] 图片大小: 523900 bytes
  [+] 上传成功
  [>] 下载图片: http://img.lysq.cc.cd/uploads/screenshots/screenshot_6a7dfbd26780e_0.jpg
  [+] 图片大小: 536012 bytes
  [+] 上传成功
  [>] 下载图片: http://img.lysq.cc.cd/uploads/screenshots/screenshot_6a7dfbd317552_0.jpg
  [+] 图片大小: 415961 bytes
  [+] 上传成功
[*] 发帖: 像塑抖音特效制作工具自媒体副业赚钱必备... [mid=1 tag=游戏]
[+] 发帖成功: 请求成功

    等待120秒...

==================================================
[3/10] 哆哆变声器实时变音趣味语音包

[*] 处理: 哆哆变声器实时变音趣味语音包 [休闲益智]
    [>] 访问下载页 ...
  [>] 下载图片: http://img.lysq.cc.cd/uploads/screenshots/screenshot_6a7dfb904b327_0.jpg
  [+] 图片大小: 227839 bytes
  [+] 上传成功
  [>] 下载图片: http://img.lysq.cc.cd/uploads/screenshots/screenshot_6a7dfb90cb378_0.jpg
  [+] 图片大小: 253103 bytes
  [+] 上传成功
  [>] 下载图片: http://img.lysq.cc.cd/uploads/screenshots/screenshot_6a7dfb9149917_0.jpg
  [+] 图片大小: 204830 bytes
  [+] 上传成功
[*] 发帖: 哆哆变声器实时变音趣味语音包... [mid=1 tag=游戏]
[+] 发帖成功: 请求成功

    等待120秒...

==================================================
[4/10] 飞鸟模拟器内置超多童年游戏类型可开金手指

[*] 处理: 飞鸟模拟器内置超多童年游戏类型可开金手指 [休闲益智]
    [>] 访问下载页 ...
  [>] 下载图片: http://img.lysq.cc.cd/uploads/screenshots/screenshot_6a7dfb4ed792f_0.jpg
  [+] 图片大小: 528126 bytes
  [+] 上传成功
  [>] 下载图片: http://img.lysq.cc.cd/uploads/screenshots/screenshot_6a7dfb4f65a69_0.jpg
  [+] 图片大小: 285264 bytes
  [+] 上传成功
  [>] 下载图片: http://img.lysq.cc.cd/uploads/screenshots/screenshot_6a7dfb5040b89_0.jpg
  [+] 图片大小: 715395 bytes
  [+] 上传成功
[*] 发帖: 飞鸟模拟器内置超多童年游戏类型可开金手指... [mid=1 tag=游戏]
[+] 发帖成功: 请求成功

    等待120秒...

==================================================
[5/10] Dual Space无限应用多开解锁会员版

[*] 处理: Dual Space无限应用多开解锁会员版 [休闲益智]
    [>] 访问下载页 ...
  [>] 下载图片: http://img.lysq.cc.cd/uploads/screenshots/screenshot_6a7dfa0cee41f_0.jpg
  [+] 图片大小: 263246 bytes
  [+] 上传成功
  [>] 下载图片: http://img.lysq.cc.cd/uploads/screenshots/screenshot_6a7dfa0d6a860_0.jpg
  [+] 图片大小: 103393 bytes
  [+] 上传成功
[*] 发帖: Dual Space无限应用多开解锁会员版... [mid=1 tag=游戏]
[+] 发帖成功: 请求成功

    等待120秒...

==================================================
[6/10] 小火焰变声器实时语音变声/配音

[*] 处理: 小火焰变声器实时语音变声/配音 [休闲益智]
    [>] 访问下载页 ...
  [>] 下载图片: http://img.lysq.cc.cd/uploads/screenshots/screenshot_6a7df9c6da3bc_0.jpg
  [+] 图片大小: 434105 bytes
  [+] 上传成功
  [>] 下载图片: http://img.lysq.cc.cd/uploads/screenshots/screenshot_6a7df9c775767_0.jpg
  [+] 图片大小: 335040 bytes
  [+] 上传成功
  [>] 下载图片: http://img.lysq.cc.cd/uploads/screenshots/screenshot_6a7df9c810c27_0.jpg
  [+] 图片大小: 324834 bytes
  [+] 上传成功
[*] 发帖: 小火焰变声器实时语音变声/配音... [mid=1 tag=游戏]
[+] 发帖成功: 请求成功

    等待120秒...

==================================================
[7/10] 平行空间Pro版专业应用多开分身解锁会员

[*] 处理: 平行空间Pro版专业应用多开分身解锁会员 [休闲益智]
    [>] 访问下载页 ...
  [>] 下载图片: http://img.lysq.cc.cd/uploads/screenshots/screenshot_6a7df775689cb_0.jpg
  [+] 图片大小: 344976 bytes
  [+] 上传成功
  [>] 下载图片: http://img.lysq.cc.cd/uploads/screenshots/screenshot_6a7df776404d8_0.jpg
  [+] 图片大小: 486060 bytes
  [+] 上传成功
  [>] 下载图片: http://img.lysq.cc.cd/uploads/screenshots/screenshot_6a7df776c01be_0.jpg
  [+] 图片大小: 322248 bytes
  [+] 上传成功
[*] 发帖: 平行空间Pro版专业应用多开分身解锁会员... [mid=1 tag=游戏]
[-] 发帖失败: 用户登录超时,请重新登录
[!] 第 2/3 次尝试...
    [>] 访问下载页 ...
  [>] 下载图片: http://img.lysq.cc.cd/uploads/screenshots/screenshot_6a7df775689cb_0.jpg
  [+] 图片大小: 344976 bytes
  [+] 上传成功
  [>] 下载图片: http://img.lysq.cc.cd/uploads/screenshots/screenshot_6a7df776404d8_0.jpg
  [+] 图片大小: 486060 bytes
  [+] 上传成功
  [>] 下载图片: http://img.lysq.cc.cd/uploads/screenshots/screenshot_6a7df776c01be_0.jpg
  [+] 图片大小: 322248 bytes
  [+] 上传成功
[*] 发帖: 平行空间Pro版专业应用多开分身解锁会员... [mid=1 tag=游戏]
[-] 发帖失败: 用户登录超时,请重新登录
[!] 第 3/3 次尝试...
    [>] 访问下载页 ...
  [>] 下载图片: http://img.lysq.cc.cd/uploads/screenshots/screenshot_6a7df775689cb_0.jpg
  [+] 图片大小: 344976 bytes
  [+] 上传成功
  [>] 下载图片: http://img.lysq.cc.cd/uploads/screenshots/screenshot_6a7df776404d8_0.jpg
  [+] 图片大小: 486060 bytes
  [+] 上传成功
  [>] 下载图片: http://img.lysq.cc.cd/uploads/screenshots/screenshot_6a7df776c01be_0.jpg
  [+] 图片大小: 322248 bytes
  [+] 上传成功
[*] 发帖: 平行空间Pro版专业应用多开分身解锁会员... [mid=1 tag=游戏]
[-] 发帖失败: 用户登录超时,请重新登录
[-] 3 次重试均失败，跳过此帖

    等待120秒...

==================================================
[8/10] Ling高级版60+语种趣味互动外语学习工具

[*] 处理: Ling高级版60+语种趣味互动外语学习工具 [休闲益智]
    [>] 访问下载页 ...
  [>] 下载图片: http://img.lysq.cc.cd/uploads/screenshots/screenshot_6a7df75fe2a9b_0.jpg
  [+] 图片大小: 228014 bytes
  [+] 上传成功
  [>] 下载图片: http://img.lysq.cc.cd/uploads/screenshots/screenshot_6a7df760764ed_0.jpg
  [+] 图片大小: 198215 bytes
  [+] 上传成功
  [>] 下载图片: http://img.lysq.cc.cd/uploads/screenshots/screenshot_6a7df76108f5d_0.jpg
  [+] 图片大小: 269218 bytes
  [+] 上传成功
[*] 发帖: Ling高级版60+语种趣味互动外语学习工具... [mid=1 tag=游戏]
[-] 发帖失败: 用户登录超时,请重新登录
[!] 第 2/3 次尝试...
    [>] 访问下载页 ...
  [>] 下载图片: http://img.lysq.cc.cd/uploads/screenshots/screenshot_6a7df75fe2a9b_0.jpg
  [+] 图片大小: 228014 bytes
  [+] 上传成功
  [>] 下载图片: http://img.lysq.cc.cd/uploads/screenshots/screenshot_6a7df760764ed_0.jpg
  [+] 图片大小: 198215 bytes
  [+] 上传成功
  [>] 下载图片: http://img.lysq.cc.cd/uploads/screenshots/screenshot_6a7df76108f5d_0.jpg
  [+] 图片大小: 269218 bytes
  [+] 上传成功
[*] 发帖: Ling高级版60+语种趣味互动外语学习工具... [mid=1 tag=游戏]
[-] 发帖失败: 用户登录超时,请重新登录
[!] 第 3/3 次尝试...
    [>] 访问下载页 ...
  [>] 下载图片: http://img.lysq.cc.cd/uploads/screenshots/screenshot_6a7df75fe2a9b_0.jpg
  [+] 图片大小: 228014 bytes
  [+] 上传成功
  [>] 下载图片: http://img.lysq.cc.cd/uploads/screenshots/screenshot_6a7df760764ed_0.jpg
  [+] 图片大小: 198215 bytes
  [+] 上传成功
  [>] 下载图片: http://img.lysq.cc.cd/uploads/screenshots/screenshot_6a7df76108f5d_0.jpg
  [+] 图片大小: 269218 bytes
  [+] 上传成功
[*] 发帖: Ling高级版60+语种趣味互动外语学习工具... [mid=1 tag=游戏]
[-] 发帖失败: 用户登录超时,请重新登录
[-] 3 次重试均失败，跳过此帖

    等待120秒...

==================================================
[9/10] 微语变声器免费实时真实变声器

[*] 处理: 微语变声器免费实时真实变声器 [休闲益智]
    [>] 访问下载页 ...
  [>] 下载图片: http://img.lysq.cc.cd/uploads/screenshots/screenshot_6a7df6e1bd320_0.jpg
  [+] 图片大小: 642809 bytes
  [+] 上传成功
  [>] 下载图片: http://img.lysq.cc.cd/uploads/screenshots/screenshot_6a7df6e25124a_0.jpg
  [+] 图片大小: 371114 bytes
  [+] 上传成功
  [>] 下载图片: http://img.lysq.cc.cd/uploads/screenshots/screenshot_6a7df6e2c8b40_0.jpg
  [+] 图片大小: 212291 bytes
  [+] 上传成功
[*] 发帖: 微语变声器免费实时真实变声器... [mid=1 tag=游戏]
[-] 发帖失败: 用户登录超时,请重新登录
[!] 第 2/3 次尝试...
    [>] 访问下载页 ...
  [>] 下载图片: http://img.lysq.cc.cd/uploads/screenshots/screenshot_6a7df6e1bd320_0.jpg
  [+] 图片大小: 642809 bytes
  [+] 上传成功
  [>] 下载图片: http://img.lysq.cc.cd/uploads/screenshots/screenshot_6a7df6e25124a_0.jpg
  [+] 图片大小: 371114 bytes
  [+] 上传成功
  [>] 下载图片: http://img.lysq.cc.cd/uploads/screenshots/screenshot_6a7df6e2c8b40_0.jpg
  [+] 图片大小: 212291 bytes
  [+] 上传成功
[*] 发帖: 微语变声器免费实时真实变声器... [mid=1 tag=游戏]
[-] 发帖失败: 用户登录超时,请重新登录
[!] 第 3/3 次尝试...
    [>] 访问下载页 ...
  [>] 下载图片: http://img.lysq.cc.cd/uploads/screenshots/screenshot_6a7df6e1bd320_0.jpg
  [+] 图片大小: 642809 bytes
  [+] 上传成功
  [>] 下载图片: http://img.lysq.cc.cd/uploads/screenshots/screenshot_6a7df6e25124a_0.jpg
  [+] 图片大小: 371114 bytes
  [+] 上传成功
  [>] 下载图片: http://img.lysq.cc.cd/uploads/screenshots/screenshot_6a7df6e2c8b40_0.jpg
  [+] 图片大小: 212291 bytes
  [+] 上传成功
[*] 发帖: 微语变声器免费实时真实变声器... [mid=1 tag=游戏]
[-] 发帖失败: 用户登录超时,请重新登录
[-] 3 次重试均失败，跳过此帖

    等待120秒...

==================================================
[10/10] 【安卓】自动点击器手机按键精灵自动挂机抢票刷红包

[*] 处理: 【安卓】自动点击器手机按键精灵自动挂机抢票刷红包 [休闲益智]
    [>] 访问下载页 ...
  [>] 下载图片: http://img.lysq.cc.cd/uploads/screenshots/screenshot_6a7df6b5aa06b_0.jpg
  [+] 图片大小: 100971 bytes
  [+] 上传成功
  [>] 下载图片: http://img.lysq.cc.cd/uploads/screenshots/screenshot_6a7df6b62660b_0.jpg
  [+] 图片大小: 112638 bytes
  [+] 上传成功
  [>] 下载图片: http://img.lysq.cc.cd/uploads/screenshots/screenshot_6a7df6b6c56ea_0.jpg
  [+] 图片大小: 226715 bytes
  [+] 上传成功
[*] 发帖: 【安卓】自动点击器手机按键精灵自动挂机抢票刷红包... [mid=1 tag=游戏]
[-] 发帖失败: 用户登录超时,请重新登录
[!] 第 2/3 次尝试...
    [>] 访问下载页 ...
  [>] 下载图片: http://img.lysq.cc.cd/uploads/screenshots/screenshot_6a7df6b5aa06b_0.jpg
  [+] 图片大小: 100971 bytes
  [+] 上传成功
  [>] 下载图片: http://img.lysq.cc.cd/uploads/screenshots/screenshot_6a7df6b62660b_0.jpg
  [+] 图片大小: 112638 bytes
  [+] 上传成功
  [>] 下载图片: http://img.lysq.cc.cd/uploads/screenshots/screenshot_6a7df6b6c56ea_0.jpg
  [+] 图片大小: 226715 bytes
  [+] 上传成功
[*] 发帖: 【安卓】自动点击器手机按键精灵自动挂机抢票刷红包... [mid=1 tag=游戏]
[-] 发帖失败: 用户登录超时,请重新登录
[!] 第 3/3 次尝试...
    [>] 访问下载页 ...
  [>] 下载图片: http://img.lysq.cc.cd/uploads/screenshots/screenshot_6a7df6b5aa06b_0.jpg
  [+] 图片大小: 100971 bytes
  [+] 上传成功
  [>] 下载图片: http://img.lysq.cc.cd/uploads/screenshots/screenshot_6a7df6b62660b_0.jpg
  [+] 图片大小: 112638 bytes
  [+] 上传成功
  [>] 下载图片: http://img.lysq.cc.cd/uploads/screenshots/screenshot_6a7df6b6c56ea_0.jpg
  [+] 图片大小: 226715 bytes
  [+] 上传成功
[*] 发帖: 【安卓】自动点击器手机按键精灵自动挂机抢票刷红包... [mid=1 tag=游戏]
[-] 发帖失败: 用户登录超时,请重新登录
[-] 3 次重试均失败，跳过此帖

==================================================
本批完成: 成功 6, 失败 4, 总计 10
预计耗时: 约 20 分钟
