[*] 从本地加载帖子...
[+] 共找到 10 条未发帖子（总计 12745 条）

==================================================
[1/10] 起开 虚拟恋人无限制聊天 Ai生成恋人
[*] 正在登录 13184017302 ...
[+] 登录成功! UID=1347118

[*] 处理: 起开 虚拟恋人无限制聊天 Ai生成恋人 [聊天社交]
  [>] 下载图片: http://img.lysq.cc.cd/uploads/screenshots/screenshot_6a80af680f12b_0.jpg
  [+] 图片大小: 600393 bytes
  [+] 上传成功
  [>] 下载图片: http://img.lysq.cc.cd/uploads/screenshots/screenshot_6a80af6870d6b_0.jpg
  [+] 图片大小: 130421 bytes
  [+] 上传成功
  [>] 下载图片: http://img.lysq.cc.cd/uploads/screenshots/screenshot_6a80af68f2a7e_0.jpg
  [+] 图片大小: 313827 bytes
  [+] 上传成功
[*] 发帖: 起开 虚拟恋人无限制聊天 Ai生成恋人... [mid=1 tag=软件分享]
[-] 发帖失败: 用户登录超时,请重新登录

    等待60秒...

==================================================
[2/10] 威力导演 解锁会员版视频剪辑软件天花板
[*] 正在登录 13184017302 ...
[+] 登录成功! UID=1347118

[*] 处理: 威力导演 解锁会员版视频剪辑软件天花板 [视频剪辑]
  [>] 下载图片: http://img.lysq.cc.cd/uploads/screenshots/screenshot_6a80af5327002_0.jpg
  [+] 图片大小: 201933 bytes
  [+] 上传成功
  [>] 下载图片: http://img.lysq.cc.cd/uploads/screenshots/screenshot_6a80af5399c7e_0.jpg
  [+] 图片大小: 178007 bytes
  [+] 上传成功
  [>] 下载图片: http://img.lysq.cc.cd/uploads/screenshots/screenshot_6a80af542c674_0.jpg
  [+] 图片大小: 203345 bytes
  [+] 上传成功
[*] 发帖: 威力导演 解锁会员版视频剪辑软件天花板... [mid=1 tag=视频]
[+] 发帖成功: 请求成功

    等待60秒...

==================================================
[3/10] 紫微命盘全能命理测算解锁会员
[*] 正在登录 13184017302 ...
[+] 登录成功! UID=1347118

[*] 处理: 紫微命盘全能命理测算解锁会员 [去水印解析]
  [>] 下载图片: http://img.lysq.cc.cd/uploads/screenshots/screenshot_6a80af3e1d490_0.jpg
  [+] 图片大小: 528157 bytes
  [+] 上传成功
  [>] 下载图片: http://img.lysq.cc.cd/uploads/screenshots/screenshot_6a80af3ea7f06_0.jpg
  [+] 图片大小: 478053 bytes
  [+] 上传成功
  [>] 下载图片: http://img.lysq.cc.cd/uploads/screenshots/screenshot_6a80af3f5dfa2_0.jpg
  [+] 图片大小: 459763 bytes
  [+] 上传成功
[*] 发帖: 紫微命盘全能命理测算解锁会员... [mid=1 tag=软件分享]
[+] 发帖成功: 请求成功

    等待60秒...

==================================================
[4/10] Repo Store开源软件应用商店 免费无广告
[*] 正在登录 13184017302 ...
[+] 登录成功! UID=1347118

[*] 处理: Repo Store开源软件应用商店 免费无广告 [文件管理]
  [>] 下载图片: http://img.lysq.cc.cd/uploads/screenshots/screenshot_6a80af2a2879d_0.jpg
  [+] 图片大小: 283241 bytes
  [+] 上传成功
  [>] 下载图片: http://img.lysq.cc.cd/uploads/screenshots/screenshot_6a80af2aa10a9_0.jpg
  [+] 图片大小: 246330 bytes
  [+] 上传成功
  [>] 下载图片: http://img.lysq.cc.cd/uploads/screenshots/screenshot_6a80af2b2846b_0.jpg
